#
# There is insufficient memory for the Java Runtime Environment to continue.
# Native memory allocation (mmap) failed to map 30408704 bytes for G1 virtual space
# Possible reasons:
#   The system is out of physical RAM or swap space
#   The process is running with CompressedOops enabled, and the Java Heap may be blocking the growth of the native heap
# Possible solutions:
#   Reduce memory load on the system
#   Increase physical memory or swap space
#   Check if swap backing store is full
#   Decrease Java heap size (-Xmx/-Xms)
#   Decrease number of Java threads
#   Decrease Java thread stack sizes (-Xss)
#   Set larger code cache with -XX:ReservedCodeCacheSize=
#   JVM is running with Unscaled Compressed Oops mode in which the Java heap is
#     placed in the first 4GB address space. The Java Heap base address is the
#     maximum limit for the native heap growth. Please use -XX:HeapBaseMinAddress
#     to set the Java Heap base and to place the Java Heap above 4GB virtual address.
# This output file may be truncated or incomplete.
#
#  Out of Memory Error (os_windows.cpp:3600), pid=16724, tid=15972
#
# JRE version: Java(TM) SE Runtime Environment (21.0.5+9) (build 21.0.5+9-LTS-239)
# Java VM: Java HotSpot(TM) 64-Bit Server VM (21.0.5+9-LTS-239, mixed mode, emulated-client, sharing, tiered, compressed oops, compressed class ptrs, g1 gc, windows-amd64)
# No core dump will be written. Minidumps are not enabled by default on client versions of Windows
#

---------------  S U M M A R Y ------------

Command Line: -Dcom.sun.management.jmxremote -Dcom.sun.management.jmxremote.port=14252 -Dcom.sun.management.jmxremote.authenticate=false -Dcom.sun.management.jmxremote.ssl=false -Djava.rmi.server.hostname=localhost -Dspring.jmx.enabled=true -Dmanagement.endpoints.jmx.exposure.include=* -Dspring.application.admin.enabled=true -Dspring.output.ansi.enabled=always -XX:TieredStopAtLevel=1 -Dspring.boot.project.name=tickert_service -Dfile.encoding=UTF-8 -Dstdout.encoding=UTF-8 -Dstderr.encoding=UTF-8 -XX:+ShowCodeDetailsInExceptionMessages com.company.tickert_service.TickertServiceApplication

Host: Intel(R) Core(TM) i5-1035G1 CPU @ 1.00GHz, 8 cores, 7G,  Windows 11 , 64 bit Build 26100 (10.0.26100.3912)
Time: Thu Nov 13 11:25:02 2025 India Standard Time elapsed time: 11.486468 seconds (0d 0h 0m 11s)

---------------  T H R E A D  ---------------

Current thread (0x0000018bb00232d0):  VMThread "VM Thread"          [id=15972, stack(0x00000087bbe00000,0x00000087bbf00000) (1024K)]

Stack: [0x00000087bbe00000,0x00000087bbf00000]
Native frames: (J=compiled Java code, j=interpreted, Vv=VM code, C=native code)
V  [jvm.dll+0x6ca289]
V  [jvm.dll+0x854a51]
V  [jvm.dll+0x856f7e]
V  [jvm.dll+0x857653]
V  [jvm.dll+0x27dd26]
V  [jvm.dll+0x6c6a25]
V  [jvm.dll+0x6bb5aa]
V  [jvm.dll+0x35359a]
V  [jvm.dll+0x35b1f6]
V  [jvm.dll+0x3adade]
V  [jvm.dll+0x3add88]
V  [jvm.dll+0x3278fc]
V  [jvm.dll+0x327987]
V  [jvm.dll+0x36c26c]
V  [jvm.dll+0x36aabe]
V  [jvm.dll+0x3270c1]
V  [jvm.dll+0x36a1da]
V  [jvm.dll+0x85d420]
V  [jvm.dll+0x85e7a4]
V  [jvm.dll+0x85ece0]
V  [jvm.dll+0x85ef83]
V  [jvm.dll+0x7fee9b]
V  [jvm.dll+0x6c896d]
C  [ucrtbase.dll+0x37b0]
C  [KERNEL32.DLL+0x2e8d7]
C  [ntdll.dll+0x9c5dc]

VM_Operation (0x00000087bd6fbc40): G1CollectForAllocation, mode: safepoint, requested by thread 0x0000018bf6434310


---------------  P R O C E S S  ---------------

Threads class SMR info:
_java_thread_list=0x0000018bf7961450, length=24, elements={
0x0000018b9f187820, 0x0000018bb003fe40, 0x0000018bb00418a0, 0x0000018bb0049450,
0x0000018bb004a120, 0x0000018bb004cb80, 0x0000018bb004d700, 0x0000018bb0058fe0,
0x0000018bb02b2800, 0x0000018bb030af70, 0x0000018bb0aa0070, 0x0000018bb0a5a4a0,
0x0000018bb0ab0ea0, 0x0000018bf6433cb0, 0x0000018bf6434310, 0x0000018bf64aaed0,
0x0000018bf64fd570, 0x0000018bf651e2d0, 0x0000018bf651dc40, 0x0000018bb01c0060,
0x0000018bf651f680, 0x0000018bf651fd10, 0x0000018bf65210c0, 0x0000018bf65203a0
}

Java Threads: ( => current thread )
  0x0000018b9f187820 JavaThread "main"                              [_thread_blocked, id=5616, stack(0x00000087bb700000,0x00000087bb800000) (1024K)]
  0x0000018bb003fe40 JavaThread "Reference Handler"          daemon [_thread_blocked, id=16132, stack(0x00000087bbf00000,0x00000087bc000000) (1024K)]
  0x0000018bb00418a0 JavaThread "Finalizer"                  daemon [_thread_blocked, id=17028, stack(0x00000087bc000000,0x00000087bc100000) (1024K)]
  0x0000018bb0049450 JavaThread "Signal Dispatcher"          daemon [_thread_blocked, id=3304, stack(0x00000087bc100000,0x00000087bc200000) (1024K)]
  0x0000018bb004a120 JavaThread "Attach Listener"            daemon [_thread_blocked, id=16552, stack(0x00000087bc200000,0x00000087bc300000) (1024K)]
  0x0000018bb004cb80 JavaThread "Service Thread"             daemon [_thread_blocked, id=13828, stack(0x00000087bc300000,0x00000087bc400000) (1024K)]
  0x0000018bb004d700 JavaThread "Monitor Deflation Thread"   daemon [_thread_blocked, id=15492, stack(0x00000087bc400000,0x00000087bc500000) (1024K)]
  0x0000018bb0058fe0 JavaThread "C1 CompilerThread0"         daemon [_thread_blocked, id=13232, stack(0x00000087bc500000,0x00000087bc600000) (1024K)]
  0x0000018bb02b2800 JavaThread "Common-Cleaner"             daemon [_thread_blocked, id=5392, stack(0x00000087bc700000,0x00000087bc800000) (1024K)]
  0x0000018bb030af70 JavaThread "Notification Thread"        daemon [_thread_blocked, id=11896, stack(0x00000087bc800000,0x00000087bc900000) (1024K)]
  0x0000018bb0aa0070 JavaThread "RMI TCP Accept-0"           daemon [_thread_in_native, id=10572, stack(0x00000087bcb00000,0x00000087bcc00000) (1024K)]
  0x0000018bb0a5a4a0 JavaThread "RMI TCP Accept-14252"       daemon [_thread_in_native, id=11680, stack(0x00000087bcc00000,0x00000087bcd00000) (1024K)]
  0x0000018bb0ab0ea0 JavaThread "RMI TCP Accept-0"           daemon [_thread_in_native, id=1480, stack(0x00000087bcd00000,0x00000087bce00000) (1024K)]
  0x0000018bf6433cb0 JavaThread "Thread-0"                          [_thread_blocked, id=17128, stack(0x00000087bd500000,0x00000087bd600000) (1024K)]
  0x0000018bf6434310 JavaThread "restartedMain"                     [_thread_blocked, id=14648, stack(0x00000087bd600000,0x00000087bd700000) (1024K)]
  0x0000018bf64aaed0 JavaThread "RMI TCP Connection(1)-127.0.0.1" daemon [_thread_in_native, id=12876, stack(0x00000087bd700000,0x00000087bd800000) (1024K)]
  0x0000018bf64fd570 JavaThread "RMI Scheduler(0)"           daemon [_thread_blocked, id=17312, stack(0x00000087bd800000,0x00000087bd900000) (1024K)]
  0x0000018bf651e2d0 JavaThread "RMI TCP Connection(2)-127.0.0.1" daemon [_thread_blocked, id=16596, stack(0x00000087bd900000,0x00000087bda00000) (1024K)]
  0x0000018bf651dc40 JavaThread "JMX server connection timeout 38" daemon [_thread_blocked, id=8924, stack(0x00000087bda00000,0x00000087bdb00000) (1024K)]
  0x0000018bb01c0060 JavaThread "C1 CompilerThread1"         daemon [_thread_blocked, id=16916, stack(0x00000087bc600000,0x00000087bc700000) (1024K)]
  0x0000018bf651f680 JavaThread "Catalina-utility-1"                [_thread_blocked, id=11772, stack(0x00000087bc900000,0x00000087bca00000) (1024K)]
  0x0000018bf651fd10 JavaThread "Catalina-utility-2"                [_thread_blocked, id=16396, stack(0x00000087bca00000,0x00000087bcb00000) (1024K)]
  0x0000018bf65210c0 JavaThread "container-0"                       [_thread_blocked, id=3376, stack(0x00000087bdb00000,0x00000087bdc00000) (1024K)]
  0x0000018bf65203a0 JavaThread "mysql-cj-abandoned-connection-cleanup" daemon [_thread_blocked, id=4988, stack(0x00000087bdd00000,0x00000087bde00000) (1024K)]
Total: 24

Other Threads:
=>0x0000018bb00232d0 VMThread "VM Thread"                           [id=15972, stack(0x00000087bbe00000,0x00000087bbf00000) (1024K)]
  0x0000018bb0014070 WatcherThread "VM Periodic Task Thread"        [id=12196, stack(0x00000087bbd00000,0x00000087bbe00000) (1024K)]
  0x0000018b9f1d7b30 WorkerThread "GC Thread#0"                     [id=8636, stack(0x00000087bb800000,0x00000087bb900000) (1024K)]
  0x0000018bb0aefa20 WorkerThread "GC Thread#1"                     [id=15316, stack(0x00000087bce00000,0x00000087bcf00000) (1024K)]
  0x0000018bb0c0abc0 WorkerThread "GC Thread#2"                     [id=15516, stack(0x00000087bcf00000,0x00000087bd000000) (1024K)]
  0x0000018bb0c0fd00 WorkerThread "GC Thread#3"                     [id=1768, stack(0x00000087bd000000,0x00000087bd100000) (1024K)]
  0x0000018bb0c100a0 WorkerThread "GC Thread#4"                     [id=11376, stack(0x00000087bd100000,0x00000087bd200000) (1024K)]
  0x0000018bb0c10840 WorkerThread "GC Thread#5"                     [id=16204, stack(0x00000087bd200000,0x00000087bd300000) (1024K)]
  0x0000018bb0c113f0 WorkerThread "GC Thread#6"                     [id=15940, stack(0x00000087bd300000,0x00000087bd400000) (1024K)]
  0x0000018bb0c11790 WorkerThread "GC Thread#7"                     [id=3296, stack(0x00000087bd400000,0x00000087bd500000) (1024K)]
  0x0000018b9f1e9840 ConcurrentGCThread "G1 Main Marker"            [id=15248, stack(0x00000087bb900000,0x00000087bba00000) (1024K)]
  0x0000018b9f1ea250 WorkerThread "G1 Conc#0"                       [id=2176, stack(0x00000087bba00000,0x00000087bbb00000) (1024K)]
  0x0000018bf6566d20 WorkerThread "G1 Conc#1"                       [id=14688, stack(0x00000087bdc00000,0x00000087bdd00000) (1024K)]
  0x0000018bafeda5e0 ConcurrentGCThread "G1 Refine#0"               [id=10364, stack(0x00000087bbb00000,0x00000087bbc00000) (1024K)]
  0x0000018b9f22e420 ConcurrentGCThread "G1 Service"                [id=12388, stack(0x00000087bbc00000,0x00000087bbd00000) (1024K)]
Total: 15

Threads with active compile tasks:
Total: 0

VM state: at safepoint (normal execution)

VM Mutex/Monitor currently owned by a thread:  ([mutex/lock_event])
[0x00007ff9a912be98] Threads_lock - owner thread: 0x0000018bb00232d0
[0x00007ff9a912bf98] Heap_lock - owner thread: 0x0000018bf6434310

Heap address: 0x0000000084000000, size: 1984 MB, Compressed Oops mode: 32-bit

CDS archive(s) mapped at: [0x0000018bb1000000-0x0000018bb1c90000-0x0000018bb1c90000), size 13172736, SharedBaseAddress: 0x0000018bb1000000, ArchiveRelocationMode: 1.
Compressed class space mapped at: 0x0000018bb2000000-0x0000018bf2000000, reserved size: 1073741824
Narrow klass base: 0x0000018bb1000000, Narrow klass shift: 0, Narrow klass range: 0x100000000

GC Precious Log:
 CardTable entry size: 512
 Card Set container configuration: InlinePtr #cards 5 size 8 Array Of Cards #cards 12 size 40 Howl #buckets 4 coarsen threshold 1843 Howl Bitmap #cards 512 size 80 coarsen threshold 460 Card regions per heap region 1 cards per card region 2048
 CPUs: 8 total, 8 available
 Memory: 7930M
 Large Page Support: Disabled
 NUMA Support: Disabled
 Compressed Oops: Enabled (32-bit)
 Heap Region Size: 1M
 Heap Min Capacity: 8M
 Heap Initial Capacity: 124M
 Heap Max Capacity: 1984M
 Pre-touch: Disabled
 Parallel Workers: 8
 Concurrent Workers: 2
 Concurrent Refinement Workers: 8
 Periodic GC: Disabled

Heap:
 garbage-first heap   total 91136K, used 36257K [0x0000000084000000, 0x0000000100000000)
  region size 1024K, 1 young (1024K), 1 survivors (1024K)
 Metaspace       used 38912K, committed 39552K, reserved 1114112K
  class space    used 5385K, committed 5696K, reserved 1048576K

Heap Regions: E=young(eden), S=young(survivor), O=old, HS=humongous(starts), HC=humongous(continues), CS=collection set, F=free, TAMS=top-at-mark-start, PB=parsable bottom
|   0|0x0000000084000000, 0x0000000084100000, 0x0000000084100000|100%|HS|  |TAMS 0x0000000084000000| PB 0x0000000084000000| Complete 
|   1|0x0000000084100000, 0x0000000084200000, 0x0000000084200000|100%|HS|  |TAMS 0x0000000084100000| PB 0x0000000084100000| Complete 
|   2|0x0000000084200000, 0x0000000084300000, 0x0000000084300000|100%| O|  |TAMS 0x0000000084200000| PB 0x0000000084200000| Untracked 
|   3|0x0000000084300000, 0x0000000084400000, 0x0000000084400000|100%| O|  |TAMS 0x0000000084300000| PB 0x0000000084300000| Untracked 
|   4|0x0000000084400000, 0x0000000084500000, 0x0000000084500000|100%| O|  |TAMS 0x0000000084400000| PB 0x0000000084400000| Untracked 
|   5|0x0000000084500000, 0x0000000084600000, 0x0000000084600000|100%| O|  |TAMS 0x0000000084500000| PB 0x0000000084500000| Untracked 
|   6|0x0000000084600000, 0x0000000084700000, 0x0000000084700000|100%| O|  |TAMS 0x0000000084600000| PB 0x0000000084600000| Untracked 
|   7|0x0000000084700000, 0x0000000084800000, 0x0000000084800000|100%| O|  |TAMS 0x0000000084700000| PB 0x0000000084700000| Untracked 
|   8|0x0000000084800000, 0x0000000084900000, 0x0000000084900000|100%| O|  |TAMS 0x0000000084800000| PB 0x0000000084800000| Untracked 
|   9|0x0000000084900000, 0x0000000084a00000, 0x0000000084a00000|100%| O|  |TAMS 0x0000000084900000| PB 0x0000000084900000| Untracked 
|  10|0x0000000084a00000, 0x0000000084b00000, 0x0000000084b00000|100%| O|  |TAMS 0x0000000084a00000| PB 0x0000000084a00000| Untracked 
|  11|0x0000000084b00000, 0x0000000084c00000, 0x0000000084c00000|100%| O|  |TAMS 0x0000000084b00000| PB 0x0000000084b00000| Untracked 
|  12|0x0000000084c00000, 0x0000000084d00000, 0x0000000084d00000|100%| O|  |TAMS 0x0000000084c00000| PB 0x0000000084c00000| Untracked 
|  13|0x0000000084d00000, 0x0000000084e00000, 0x0000000084e00000|100%| O|  |TAMS 0x0000000084d00000| PB 0x0000000084d00000| Untracked 
|  14|0x0000000084e00000, 0x0000000084f00000, 0x0000000084f00000|100%| O|  |TAMS 0x0000000084e00000| PB 0x0000000084e00000| Untracked 
|  15|0x0000000084f00000, 0x0000000085000000, 0x0000000085000000|100%| O|  |TAMS 0x0000000084f00000| PB 0x0000000084f00000| Untracked 
|  16|0x0000000085000000, 0x0000000085100000, 0x0000000085100000|100%| O|  |TAMS 0x0000000085000000| PB 0x0000000085000000| Untracked 
|  17|0x0000000085100000, 0x0000000085200000, 0x0000000085200000|100%| O|  |TAMS 0x0000000085100000| PB 0x0000000085100000| Untracked 
|  18|0x0000000085200000, 0x0000000085300000, 0x0000000085300000|100%| O|Cm|TAMS 0x0000000085200000| PB 0x0000000085200000| Complete 
|  19|0x0000000085300000, 0x0000000085400000, 0x0000000085400000|100%| O|  |TAMS 0x0000000085300000| PB 0x0000000085300000| Untracked 
|  20|0x0000000085400000, 0x0000000085500000, 0x0000000085500000|100%| O|  |TAMS 0x0000000085400000| PB 0x0000000085400000| Untracked 
|  21|0x0000000085500000, 0x0000000085600000, 0x0000000085600000|100%| O|Cm|TAMS 0x0000000085500000| PB 0x0000000085500000| Complete 
|  22|0x0000000085600000, 0x0000000085700000, 0x0000000085700000|100%| O|  |TAMS 0x0000000085600000| PB 0x0000000085600000| Untracked 
|  23|0x0000000085700000, 0x0000000085800000, 0x0000000085800000|100%| O|  |TAMS 0x0000000085700000| PB 0x0000000085700000| Untracked 
|  24|0x0000000085800000, 0x0000000085900000, 0x0000000085900000|100%| O|  |TAMS 0x0000000085800000| PB 0x0000000085800000| Untracked 
|  25|0x0000000085900000, 0x0000000085a00000, 0x0000000085a00000|100%| O|  |TAMS 0x0000000085900000| PB 0x0000000085900000| Untracked 
|  26|0x0000000085a00000, 0x0000000085b00000, 0x0000000085b00000|100%| O|  |TAMS 0x0000000085a00000| PB 0x0000000085a00000| Untracked 
|  27|0x0000000085b00000, 0x0000000085c00000, 0x0000000085c00000|100%| O|  |TAMS 0x0000000085b00000| PB 0x0000000085b00000| Untracked 
|  28|0x0000000085c00000, 0x0000000085c00000, 0x0000000085d00000|  0%| F|  |TAMS 0x0000000085c00000| PB 0x0000000085c00000| Untracked 
|  29|0x0000000085d00000, 0x0000000085dd3c50, 0x0000000085e00000| 82%| O|  |TAMS 0x0000000085d00000| PB 0x0000000085d00000| Untracked 
|  30|0x0000000085e00000, 0x0000000085e00000, 0x0000000085f00000|  0%| F|  |TAMS 0x0000000085e00000| PB 0x0000000085e00000| Untracked 
|  31|0x0000000085f00000, 0x0000000085f00000, 0x0000000086000000|  0%| F|  |TAMS 0x0000000085f00000| PB 0x0000000085f00000| Untracked 
|  32|0x0000000086000000, 0x0000000086000000, 0x0000000086100000|  0%| F|  |TAMS 0x0000000086000000| PB 0x0000000086000000| Untracked 
|  33|0x0000000086100000, 0x0000000086100000, 0x0000000086200000|  0%| F|  |TAMS 0x0000000086100000| PB 0x0000000086100000| Untracked 
|  34|0x0000000086200000, 0x0000000086200000, 0x0000000086300000|  0%| F|  |TAMS 0x0000000086200000| PB 0x0000000086200000| Untracked 
|  35|0x0000000086300000, 0x0000000086300000, 0x0000000086400000|  0%| F|  |TAMS 0x0000000086300000| PB 0x0000000086300000| Untracked 
|  36|0x0000000086400000, 0x0000000086400000, 0x0000000086500000|  0%| F|  |TAMS 0x0000000086400000| PB 0x0000000086400000| Untracked 
|  37|0x0000000086500000, 0x0000000086500000, 0x0000000086600000|  0%| F|  |TAMS 0x0000000086500000| PB 0x0000000086500000| Untracked 
|  38|0x0000000086600000, 0x0000000086700000, 0x0000000086700000|100%| O|  |TAMS 0x0000000086600000| PB 0x0000000086600000| Untracked 
|  39|0x0000000086700000, 0x0000000086800000, 0x0000000086800000|100%| O|  |TAMS 0x0000000086700000| PB 0x0000000086700000| Untracked 
|  40|0x0000000086800000, 0x0000000086800000, 0x0000000086900000|  0%| F|  |TAMS 0x0000000086800000| PB 0x0000000086800000| Untracked 
|  41|0x0000000086900000, 0x0000000086900000, 0x0000000086a00000|  0%| F|  |TAMS 0x0000000086900000| PB 0x0000000086900000| Untracked 
|  42|0x0000000086a00000, 0x0000000086a00000, 0x0000000086b00000|  0%| F|  |TAMS 0x0000000086a00000| PB 0x0000000086a00000| Untracked 
|  43|0x0000000086b00000, 0x0000000086b00000, 0x0000000086c00000|  0%| F|  |TAMS 0x0000000086b00000| PB 0x0000000086b00000| Untracked 
|  44|0x0000000086c00000, 0x0000000086c00000, 0x0000000086d00000|  0%| F|  |TAMS 0x0000000086c00000| PB 0x0000000086c00000| Untracked 
|  45|0x0000000086d00000, 0x0000000086d00000, 0x0000000086e00000|  0%| F|  |TAMS 0x0000000086d00000| PB 0x0000000086d00000| Untracked 
|  46|0x0000000086e00000, 0x0000000086e00000, 0x0000000086f00000|  0%| F|  |TAMS 0x0000000086e00000| PB 0x0000000086e00000| Untracked 
|  47|0x0000000086f00000, 0x0000000086f00000, 0x0000000087000000|  0%| F|  |TAMS 0x0000000086f00000| PB 0x0000000086f00000| Untracked 
|  48|0x0000000087000000, 0x0000000087000000, 0x0000000087100000|  0%| F|  |TAMS 0x0000000087000000| PB 0x0000000087000000| Untracked 
|  49|0x0000000087100000, 0x0000000087100000, 0x0000000087200000|  0%| F|  |TAMS 0x0000000087100000| PB 0x0000000087100000| Untracked 
|  50|0x0000000087200000, 0x0000000087200000, 0x0000000087300000|  0%| F|  |TAMS 0x0000000087200000| PB 0x0000000087200000| Untracked 
|  51|0x0000000087300000, 0x0000000087300000, 0x0000000087400000|  0%| F|  |TAMS 0x0000000087300000| PB 0x0000000087300000| Untracked 
|  52|0x0000000087400000, 0x0000000087400000, 0x0000000087500000|  0%| F|  |TAMS 0x0000000087400000| PB 0x0000000087400000| Untracked 
|  53|0x0000000087500000, 0x0000000087500000, 0x0000000087600000|  0%| F|  |TAMS 0x0000000087500000| PB 0x0000000087500000| Untracked 
|  54|0x0000000087600000, 0x0000000087600000, 0x0000000087700000|  0%| F|  |TAMS 0x0000000087600000| PB 0x0000000087600000| Untracked 
|  55|0x0000000087700000, 0x0000000087700000, 0x0000000087800000|  0%| F|  |TAMS 0x0000000087700000| PB 0x0000000087700000| Untracked 
|  56|0x0000000087800000, 0x0000000087800000, 0x0000000087900000|  0%| F|  |TAMS 0x0000000087800000| PB 0x0000000087800000| Untracked 
|  57|0x0000000087900000, 0x0000000087900000, 0x0000000087a00000|  0%| F|  |TAMS 0x0000000087900000| PB 0x0000000087900000| Untracked 
|  58|0x0000000087a00000, 0x0000000087a00000, 0x0000000087b00000|  0%| F|  |TAMS 0x0000000087a00000| PB 0x0000000087a00000| Untracked 
|  59|0x0000000087b00000, 0x0000000087b00000, 0x0000000087c00000|  0%| F|  |TAMS 0x0000000087b00000| PB 0x0000000087b00000| Untracked 
|  60|0x0000000087c00000, 0x0000000087c00000, 0x0000000087d00000|  0%| F|  |TAMS 0x0000000087c00000| PB 0x0000000087c00000| Untracked 
|  61|0x0000000087d00000, 0x0000000087d00000, 0x0000000087e00000|  0%| F|  |TAMS 0x0000000087d00000| PB 0x0000000087d00000| Untracked 
|  62|0x0000000087e00000, 0x0000000087e00000, 0x0000000087f00000|  0%| F|  |TAMS 0x0000000087e00000| PB 0x0000000087e00000| Untracked 
|  63|0x0000000087f00000, 0x0000000087f00000, 0x0000000088000000|  0%| F|  |TAMS 0x0000000087f00000| PB 0x0000000087f00000| Untracked 
|  64|0x0000000088000000, 0x0000000088000000, 0x0000000088100000|  0%| F|  |TAMS 0x0000000088000000| PB 0x0000000088000000| Untracked 
|  65|0x0000000088100000, 0x0000000088100000, 0x0000000088200000|  0%| F|  |TAMS 0x0000000088100000| PB 0x0000000088100000| Untracked 
|  66|0x0000000088200000, 0x0000000088200000, 0x0000000088300000|  0%| F|  |TAMS 0x0000000088200000| PB 0x0000000088200000| Untracked 
|  67|0x0000000088300000, 0x0000000088300000, 0x0000000088400000|  0%| F|  |TAMS 0x0000000088300000| PB 0x0000000088300000| Untracked 
|  68|0x0000000088400000, 0x0000000088400000, 0x0000000088500000|  0%| F|  |TAMS 0x0000000088400000| PB 0x0000000088400000| Untracked 
|  69|0x0000000088500000, 0x0000000088500000, 0x0000000088600000|  0%| F|  |TAMS 0x0000000088500000| PB 0x0000000088500000| Untracked 
|  70|0x0000000088600000, 0x0000000088600000, 0x0000000088700000|  0%| F|  |TAMS 0x0000000088600000| PB 0x0000000088600000| Untracked 
|  71|0x0000000088700000, 0x0000000088700000, 0x0000000088800000|  0%| F|  |TAMS 0x0000000088700000| PB 0x0000000088700000| Untracked 
|  72|0x0000000088800000, 0x0000000088800000, 0x0000000088900000|  0%| F|  |TAMS 0x0000000088800000| PB 0x0000000088800000| Untracked 
|  73|0x0000000088900000, 0x0000000088900000, 0x0000000088a00000|  0%| F|  |TAMS 0x0000000088900000| PB 0x0000000088900000| Untracked 
|  74|0x0000000088a00000, 0x0000000088a00000, 0x0000000088b00000|  0%| F|  |TAMS 0x0000000088a00000| PB 0x0000000088a00000| Untracked 
|  75|0x0000000088b00000, 0x0000000088b00000, 0x0000000088c00000|  0%| F|  |TAMS 0x0000000088b00000| PB 0x0000000088b00000| Untracked 
|  76|0x0000000088c00000, 0x0000000088c00000, 0x0000000088d00000|  0%| F|  |TAMS 0x0000000088c00000| PB 0x0000000088c00000| Untracked 
| 106|0x000000008aa00000, 0x000000008aa00000, 0x000000008ab00000|  0%| F|  |TAMS 0x000000008aa00000| PB 0x000000008aa00000| Untracked 
| 107|0x000000008ab00000, 0x000000008ab00000, 0x000000008ac00000|  0%| F|  |TAMS 0x000000008ab00000| PB 0x000000008ab00000| Untracked 
| 108|0x000000008ac00000, 0x000000008ac00000, 0x000000008ad00000|  0%| F|  |TAMS 0x000000008ac00000| PB 0x000000008ac00000| Untracked 
| 109|0x000000008ad00000, 0x000000008ad94a80, 0x000000008ae00000| 58%| S|CS|TAMS 0x000000008ad00000| PB 0x000000008ad00000| Complete 
| 110|0x000000008ae00000, 0x000000008ae00000, 0x000000008af00000|  0%| F|  |TAMS 0x000000008ae00000| PB 0x000000008ae00000| Untracked 
| 122|0x000000008ba00000, 0x000000008ba00000, 0x000000008bb00000|  0%| F|  |TAMS 0x000000008ba00000| PB 0x000000008ba00000| Untracked 
| 123|0x000000008bb00000, 0x000000008bb00000, 0x000000008bc00000|  0%| F|  |TAMS 0x000000008bb00000| PB 0x000000008bb00000| Untracked 
|1979|0x00000000ffb00000, 0x00000000ffc00000, 0x00000000ffc00000|100%| O|  |TAMS 0x00000000ffb00000| PB 0x00000000ffb00000| Untracked 
|1980|0x00000000ffc00000, 0x00000000ffc00000, 0x00000000ffd00000|  0%| F|  |TAMS 0x00000000ffc00000| PB 0x00000000ffc00000| Untracked 
|1981|0x00000000ffd00000, 0x00000000ffe00000, 0x00000000ffe00000|100%| O|  |TAMS 0x00000000ffd00000| PB 0x00000000ffd00000| Untracked 
|1982|0x00000000ffe00000, 0x00000000fff00000, 0x00000000fff00000|100%| O|  |TAMS 0x00000000ffe00000| PB 0x00000000ffe00000| Untracked 
|1983|0x00000000fff00000, 0x0000000100000000, 0x0000000100000000|100%| O|  |TAMS 0x00000000fff00000| PB 0x00000000fff00000| Untracked 

Card table byte_map: [0x0000018bab320000,0x0000018bab700000] _byte_map_base: 0x0000018baaf00000

Marking Bits: (CMBitMap*) 0x0000018b9f1d8140
 Bits: [0x0000018bab700000, 0x0000018bad600000)

Polling page: 0x0000018b9d8b0000

Metaspace:

Usage:
  Non-class:     32.74 MB used.
      Class:      5.26 MB used.
       Both:     38.00 MB used.

Virtual space:
  Non-class space:       64.00 MB reserved,      33.06 MB ( 52%) committed,  1 nodes.
      Class space:        1.00 GB reserved,       5.56 MB ( <1%) committed,  1 nodes.
             Both:        1.06 GB reserved,      38.62 MB (  4%) committed. 

Chunk freelists:
   Non-Class:  14.14 MB
       Class:  10.28 MB
        Both:  24.42 MB

MaxMetaspaceSize: unlimited
CompressedClassSpaceSize: 1.00 GB
Initial GC threshold: 21.00 MB
Current GC threshold: 63.69 MB
CDS: on
 - commit_granule_bytes: 65536.
 - commit_granule_words: 8192.
 - virtual_space_node_default_size: 8388608.
 - enlarge_chunks_in_place: 1.
 - use_allocation_guard: 0.


Internal statistics:

num_allocs_failed_limit: 3.
num_arena_births: 782.
num_arena_deaths: 0.
num_vsnodes_births: 2.
num_vsnodes_deaths: 0.
num_space_committed: 618.
num_space_uncommitted: 0.
num_chunks_returned_to_freelist: 3.
num_chunks_taken_from_freelist: 2132.
num_chunk_merges: 3.
num_chunk_splits: 1469.
num_chunks_enlarged: 1065.
num_inconsistent_stats: 0.

CodeCache: size=49152Kb used=9270Kb max_used=9927Kb free=39882Kb
 bounds [0x0000018ba76c0000, 0x0000018ba8080000, 0x0000018baa6c0000]
 total_blobs=5226 nmethods=4673 adapters=476
 compilation: enabled
              stopped_count=0, restarted_count=0
 full_count=0

Compilation events (20 events):
Event: 9.311 Thread 0x0000018bb0058fe0 nmethod 4742 0x0000018ba79d1510 code [0x0000018ba79d16a0, 0x0000018ba79d1768]
Event: 9.311 Thread 0x0000018bb0058fe0 4743       1       sun.nio.fs.WindowsPath$WindowsPathWithAttributes::<init> (23 bytes)
Event: 9.311 Thread 0x0000018bb0058fe0 nmethod 4743 0x0000018ba79d0f10 code [0x0000018ba79d10c0, 0x0000018ba79d1488]
Event: 9.311 Thread 0x0000018bb01c0060 nmethod 4745 0x0000018ba79cfb10 code [0x0000018ba79cfe20, 0x0000018ba79d07e0]
Event: 9.327 Thread 0x0000018bb01c0060 4747       1       org.springframework.beans.AbstractNestablePropertyAccessor::getWrappedClass (8 bytes)
Event: 9.328 Thread 0x0000018bb01c0060 nmethod 4747 0x0000018ba79cf690 code [0x0000018ba79cf840, 0x0000018ba79cf9d8]
Event: 9.353 Thread 0x0000018bb01c0060 4749       1       java.lang.invoke.DirectMethodHandle::getFunction (53 bytes)
Event: 9.353 Thread 0x0000018bb01c0060 nmethod 4749 0x0000018ba79cdd10 code [0x0000018ba79cdec0, 0x0000018ba79ce0b8]
Event: 9.354 Thread 0x0000018bb0058fe0 4752       1       java.lang.invoke.MethodHandleImpl$IntrinsicMethodHandle::intrinsicName (5 bytes)
Event: 9.355 Thread 0x0000018bb0058fe0 nmethod 4752 0x0000018ba79cda10 code [0x0000018ba79cdba0, 0x0000018ba79cdc68]
Event: 9.355 Thread 0x0000018bb0058fe0 4753       1       java.lang.invoke.LambdaFormBuffer::indexOf (25 bytes)
Event: 9.355 Thread 0x0000018bb0058fe0 nmethod 4753 0x0000018ba79cd690 code [0x0000018ba79cd820, 0x0000018ba79cd938]
Event: 9.375 Thread 0x0000018bb0058fe0 4754       1       jdk.internal.loader.ClassLoaders::bootLoader (4 bytes)
Event: 9.375 Thread 0x0000018bb0058fe0 nmethod 4754 0x0000018ba79cd390 code [0x0000018ba79cd520, 0x0000018ba79cd5d0]
Event: 9.384 Thread 0x0000018bb01c0060 4755       1       jdk.internal.loader.ClassLoaders::platformClassLoader (4 bytes)
Event: 9.384 Thread 0x0000018bb0058fe0 4756       1       java.util.Collections$EmptyEnumeration::hasMoreElements (2 bytes)
Event: 9.384 Thread 0x0000018bb01c0060 nmethod 4755 0x0000018ba79cd090 code [0x0000018ba79cd220, 0x0000018ba79cd2d0]
Event: 9.384 Thread 0x0000018bb0058fe0 nmethod 4756 0x0000018ba79ccd90 code [0x0000018ba79ccf20, 0x0000018ba79ccfe8]
Event: 9.429 Thread 0x0000018bb0058fe0 4757       1       java.lang.Object::<init> (1 bytes)
Event: 9.429 Thread 0x0000018bb0058fe0 nmethod 4757 0x0000018ba7eec690 code [0x0000018ba7eec820, 0x0000018ba7eec8f8]

GC Heap History (20 events):
Event: 4.573 GC heap after
{Heap after GC invocations=7 (full 0):
 garbage-first heap   total 65536K, used 21842K [0x0000000084000000, 0x0000000100000000)
  region size 1024K, 3 young (3072K), 3 survivors (3072K)
 Metaspace       used 26774K, committed 27136K, reserved 1114112K
  class space    used 3679K, committed 3840K, reserved 1048576K
}
Event: 5.105 GC heap before
{Heap before GC invocations=7 (full 0):
 garbage-first heap   total 65536K, used 52562K [0x0000000084000000, 0x0000000100000000)
  region size 1024K, 33 young (33792K), 3 survivors (3072K)
 Metaspace       used 30216K, committed 30720K, reserved 1114112K
  class space    used 4195K, committed 4416K, reserved 1048576K
}
Event: 5.108 GC heap after
{Heap after GC invocations=8 (full 0):
 garbage-first heap   total 65536K, used 23786K [0x0000000084000000, 0x0000000100000000)
  region size 1024K, 5 young (5120K), 5 survivors (5120K)
 Metaspace       used 30216K, committed 30720K, reserved 1114112K
  class space    used 4195K, committed 4416K, reserved 1048576K
}
Event: 5.284 GC heap before
{Heap before GC invocations=8 (full 0):
 garbage-first heap   total 65536K, used 33002K [0x0000000084000000, 0x0000000100000000)
  region size 1024K, 15 young (15360K), 5 survivors (5120K)
 Metaspace       used 31667K, committed 32128K, reserved 1114112K
  class space    used 4444K, committed 4672K, reserved 1048576K
}
Event: 5.288 GC heap after
{Heap after GC invocations=9 (full 0):
 garbage-first heap   total 65536K, used 24591K [0x0000000084000000, 0x0000000100000000)
  region size 1024K, 4 young (4096K), 4 survivors (4096K)
 Metaspace       used 31667K, committed 32128K, reserved 1114112K
  class space    used 4444K, committed 4672K, reserved 1048576K
}
Event: 7.790 GC heap before
{Heap before GC invocations=10 (full 0):
 garbage-first heap   total 65536K, used 55311K [0x0000000084000000, 0x0000000100000000)
  region size 1024K, 33 young (33792K), 4 survivors (4096K)
 Metaspace       used 35212K, committed 35712K, reserved 1114112K
  class space    used 4896K, committed 5120K, reserved 1048576K
}
Event: 7.796 GC heap after
{Heap after GC invocations=11 (full 0):
 garbage-first heap   total 66560K, used 31129K [0x0000000084000000, 0x0000000100000000)
  region size 1024K, 5 young (5120K), 5 survivors (5120K)
 Metaspace       used 35212K, committed 35712K, reserved 1114112K
  class space    used 4896K, committed 5120K, reserved 1048576K
}
Event: 7.895 GC heap before
{Heap before GC invocations=11 (full 0):
 garbage-first heap   total 66560K, used 61849K [0x0000000084000000, 0x0000000100000000)
  region size 1024K, 28 young (28672K), 5 survivors (5120K)
 Metaspace       used 35234K, committed 35712K, reserved 1114112K
  class space    used 4899K, committed 5120K, reserved 1048576K
}
Event: 7.901 GC heap after
{Heap after GC invocations=12 (full 0):
 garbage-first heap   total 73728K, used 37055K [0x0000000084000000, 0x0000000100000000)
  region size 1024K, 4 young (4096K), 4 survivors (4096K)
 Metaspace       used 35234K, committed 35712K, reserved 1114112K
  class space    used 4899K, committed 5120K, reserved 1048576K
}
Event: 7.921 GC heap before
{Heap before GC invocations=12 (full 0):
 garbage-first heap   total 73728K, used 39103K [0x0000000084000000, 0x0000000100000000)
  region size 1024K, 7 young (7168K), 4 survivors (4096K)
 Metaspace       used 35255K, committed 35776K, reserved 1114112K
  class space    used 4904K, committed 5120K, reserved 1048576K
}
Event: 7.924 GC heap after
{Heap after GC invocations=13 (full 0):
 garbage-first heap   total 73728K, used 38341K [0x0000000084000000, 0x0000000100000000)
  region size 1024K, 2 young (2048K), 2 survivors (2048K)
 Metaspace       used 35255K, committed 35776K, reserved 1114112K
  class space    used 4904K, committed 5120K, reserved 1048576K
}
Event: 8.235 GC heap before
{Heap before GC invocations=14 (full 0):
 garbage-first heap   total 75776K, used 64965K [0x0000000084000000, 0x0000000100000000)
  region size 1024K, 25 young (25600K), 2 survivors (2048K)
 Metaspace       used 37017K, committed 37632K, reserved 1114112K
  class space    used 5139K, committed 5440K, reserved 1048576K
}
Event: 9.237 GC heap after
{Heap after GC invocations=15 (full 0):
 garbage-first heap   total 91136K, used 40198K [0x0000000084000000, 0x0000000100000000)
  region size 1024K, 2 young (2048K), 2 survivors (2048K)
 Metaspace       used 37017K, committed 37632K, reserved 1114112K
  class space    used 5139K, committed 5440K, reserved 1048576K
}
Event: 9.259 GC heap before
{Heap before GC invocations=15 (full 0):
 garbage-first heap   total 91136K, used 42246K [0x0000000084000000, 0x0000000100000000)
  region size 1024K, 4 young (4096K), 2 survivors (2048K)
 Metaspace       used 37047K, committed 37696K, reserved 1114112K
  class space    used 5144K, committed 5440K, reserved 1048576K
}
Event: 9.261 GC heap after
{Heap after GC invocations=16 (full 0):
 garbage-first heap   total 91136K, used 40084K [0x0000000084000000, 0x0000000100000000)
  region size 1024K, 1 young (1024K), 1 survivors (1024K)
 Metaspace       used 37047K, committed 37696K, reserved 1114112K
  class space    used 5144K, committed 5440K, reserved 1048576K
}
Event: 9.318 GC heap before
{Heap before GC invocations=16 (full 0):
 garbage-first heap   total 91136K, used 42132K [0x0000000084000000, 0x0000000100000000)
  region size 1024K, 4 young (4096K), 1 survivors (1024K)
 Metaspace       used 37251K, committed 37888K, reserved 1114112K
  class space    used 5190K, committed 5504K, reserved 1048576K
}
Event: 9.319 GC heap after
{Heap after GC invocations=17 (full 0):
 garbage-first heap   total 91136K, used 40011K [0x0000000084000000, 0x0000000100000000)
  region size 1024K, 1 young (1024K), 1 survivors (1024K)
 Metaspace       used 37251K, committed 37888K, reserved 1114112K
  class space    used 5190K, committed 5504K, reserved 1048576K
}
Event: 9.389 GC heap before
{Heap before GC invocations=17 (full 0):
 garbage-first heap   total 91136K, used 42059K [0x0000000084000000, 0x0000000100000000)
  region size 1024K, 4 young (4096K), 1 survivors (1024K)
 Metaspace       used 38254K, committed 38848K, reserved 1114112K
  class space    used 5288K, committed 5568K, reserved 1048576K
}
Event: 9.390 GC heap after
{Heap after GC invocations=18 (full 0):
 garbage-first heap   total 91136K, used 40148K [0x0000000084000000, 0x0000000100000000)
  region size 1024K, 1 young (1024K), 1 survivors (1024K)
 Metaspace       used 38254K, committed 38848K, reserved 1114112K
  class space    used 5288K, committed 5568K, reserved 1048576K
}
Event: 9.468 GC heap before
{Heap before GC invocations=19 (full 0):
 garbage-first heap   total 91136K, used 39124K [0x0000000084000000, 0x0000000100000000)
  region size 1024K, 4 young (4096K), 1 survivors (1024K)
 Metaspace       used 38912K, committed 39552K, reserved 1114112K
  class space    used 5385K, committed 5696K, reserved 1048576K
}

Dll operation events (10 events):
Event: 0.027 Loaded shared library C:\Program Files\Java\jdk-21\bin\java.dll
Event: 0.231 Loaded shared library C:\Program Files\Java\jdk-21\bin\jimage.dll
Event: 0.244 Loaded shared library C:\Program Files\Java\jdk-21\bin\net.dll
Event: 0.248 Loaded shared library C:\Program Files\Java\jdk-21\bin\nio.dll
Event: 0.252 Loaded shared library C:\Program Files\Java\jdk-21\bin\zip.dll
Event: 0.363 Loaded shared library C:\Program Files\Java\jdk-21\bin\management.dll
Event: 0.425 Loaded shared library C:\Program Files\Java\jdk-21\bin\management_ext.dll
Event: 1.922 Loaded shared library C:\Program Files\Java\jdk-21\bin\extnet.dll
Event: 5.197 Loaded shared library C:\Program Files\Java\jdk-21\bin\verify.dll
Event: 7.623 Loaded shared library C:\Program Files\Java\jdk-21\bin\sunmscapi.dll

Deoptimization events (0 events):
No events

Classes loaded (20 events):
Event: 8.116 Loading class javax/crypto/spec/SecretKeySpec
Event: 8.116 Loading class javax/crypto/spec/SecretKeySpec done
Event: 8.116 Loading class jdk/internal/access/JavaxCryptoSpecAccess
Event: 8.116 Loading class jdk/internal/access/JavaxCryptoSpecAccess done
Event: 8.148 Loading class java/util/concurrent/ConcurrentHashMap$TreeNode
Event: 8.150 Loading class java/util/concurrent/ConcurrentHashMap$TreeNode done
Event: 8.150 Loading class java/util/concurrent/ConcurrentHashMap$TreeBin
Event: 8.153 Loading class java/util/concurrent/ConcurrentHashMap$TreeBin done
Event: 8.182 Loading class javax/net/ssl/SSLException
Event: 8.183 Loading class javax/net/ssl/SSLException done
Event: 8.183 Loading class java/io/EOFException
Event: 8.183 Loading class java/io/EOFException done
Event: 8.190 Loading class java/nio/channels/CompletionHandler
Event: 8.190 Loading class java/nio/channels/CompletionHandler done
Event: 8.205 Loading class jdk/internal/event/ThreadSleepEvent
Event: 8.206 Loading class jdk/internal/event/ThreadSleepEvent done
Event: 9.298 Loading class javax/naming/Referenceable
Event: 9.299 Loading class javax/naming/Referenceable done
Event: 9.328 Loading class java/lang/instrument/ClassFileTransformer
Event: 9.328 Loading class java/lang/instrument/ClassFileTransformer done

Classes unloaded (0 events):
No events

Classes redefined (0 events):
No events

Internal exceptions (20 events):
Event: 6.427 Thread 0x0000018bf6434310 Exception <a 'java/lang/NoSuchMethodError'{0x000000008ab85dc0}: 'void java.lang.invoke.DirectMethodHandle$Holder.invokeStatic(java.lang.Object, int, java.lang.Object)'> (0x000000008ab85dc0) 
thrown [s\open\src\hotspot\share\interpreter\linkResolver.cpp, line 773]
Event: 6.429 Thread 0x0000018bf6434310 Exception <a 'java/lang/NoSuchMethodError'{0x000000008abbbe98}: 'void java.lang.invoke.DirectMethodHandle$Holder.invokeStatic(java.lang.Object, java.lang.Object, java.lang.Object, int, java.lang.Object)'> (0x000000008abbbe98) 
thrown [s\open\src\hotspot\share\interpreter\linkResolver.cpp, line 773]
Event: 6.430 Thread 0x0000018bf6434310 Exception <a 'java/lang/NoSuchMethodError'{0x000000008abc26f8}: 'java.lang.Object java.lang.invoke.DirectMethodHandle$Holder.newInvokeSpecial(java.lang.Object, java.lang.Object, java.lang.Object, int)'> (0x000000008abc26f8) 
thrown [s\open\src\hotspot\share\interpreter\linkResolver.cpp, line 773]
Event: 6.430 Thread 0x0000018bf6434310 Exception <a 'java/lang/NoSuchMethodError'{0x000000008abc6588}: 'java.lang.Object java.lang.invoke.DirectMethodHandle$Holder.invokeSpecial(java.lang.Object, java.lang.Object, java.lang.Object, java.lang.Object, int)'> (0x000000008abc6588) 
thrown [s\open\src\hotspot\share\interpreter\linkResolver.cpp, line 773]
Event: 6.430 Thread 0x0000018bf6434310 Exception <a 'java/lang/NoSuchMethodError'{0x000000008abc9a20}: 'java.lang.Object java.lang.invoke.Invokers$Holder.linkToTargetMethod(java.lang.Object, java.lang.Object, int, java.lang.Object)'> (0x000000008abc9a20) 
thrown [s\open\src\hotspot\share\interpreter\linkResolver.cpp, line 773]
Event: 7.573 Thread 0x0000018bf6434310 Exception <a 'java/lang/NoSuchMethodError'{0x0000000086ebd5b8}: 'int java.lang.invoke.DirectMethodHandle$Holder.invokeVirtual(java.lang.Object, java.lang.Object, java.lang.Object, java.lang.Object)'> (0x0000000086ebd5b8) 
thrown [s\open\src\hotspot\share\interpreter\linkResolver.cpp, line 773]
Event: 7.573 Thread 0x0000018bf6434310 Exception <a 'java/lang/NoSuchMethodError'{0x0000000086ec0e48}: 'int java.lang.invoke.DelegatingMethodHandle$Holder.reinvoke_L(java.lang.Object, java.lang.Object, java.lang.Object, java.lang.Object)'> (0x0000000086ec0e48) 
thrown [s\open\src\hotspot\share\interpreter\linkResolver.cpp, line 773]
Event: 7.679 Thread 0x0000018bf6434310 Exception <a 'java/lang/NoSuchMethodError'{0x00000000866188f0}: 'int java.lang.invoke.DirectMethodHandle$Holder.invokeStatic(java.lang.Object, int, java.lang.Object)'> (0x00000000866188f0) 
thrown [s\open\src\hotspot\share\interpreter\linkResolver.cpp, line 773]
Event: 7.976 Thread 0x0000018bf6434310 Exception <a 'sun/nio/fs/WindowsException'{0x0000000087c685c0}> (0x0000000087c685c0) 
thrown [s\open\src\hotspot\share\prims\jni.cpp, line 520]
Event: 7.976 Thread 0x0000018bf6434310 Exception <a 'sun/nio/fs/WindowsException'{0x0000000087c68d10}> (0x0000000087c68d10) 
thrown [s\open\src\hotspot\share\prims\jni.cpp, line 520]
Event: 8.052 Thread 0x0000018bf6434310 Exception <a 'java/io/FileNotFoundException'{0x000000008793f168}> (0x000000008793f168) 
thrown [s\open\src\hotspot\share\prims\jni.cpp, line 520]
Event: 8.091 Thread 0x0000018bf6434310 Exception <a 'java/lang/NoSuchMethodError'{0x0000000087517110}: 'int java.lang.invoke.DirectMethodHandle$Holder.invokeInterface(java.lang.Object, java.lang.Object, java.lang.Object, java.lang.Object)'> (0x0000000087517110) 
thrown [s\open\src\hotspot\share\interpreter\linkResolver.cpp, line 773]
Event: 8.112 Thread 0x0000018bf6434310 Exception <a 'java/lang/NoSuchMethodError'{0x000000008745a940}: 'java.lang.Object java.lang.invoke.DirectMethodHandle$Holder.newInvokeSpecial(java.lang.Object, java.lang.Object, long)'> (0x000000008745a940) 
thrown [s\open\src\hotspot\share\interpreter\linkResolver.cpp, line 773]
Event: 8.112 Thread 0x0000018bf6434310 Exception <a 'java/lang/NoSuchMethodError'{0x000000008745e5a8}: 'long java.lang.invoke.DirectMethodHandle$Holder.invokeStatic(java.lang.Object, java.lang.Object, int)'> (0x000000008745e5a8) 
thrown [s\open\src\hotspot\share\interpreter\linkResolver.cpp, line 773]
Event: 8.121 Thread 0x0000018bf6434310 Exception <a 'java/lang/NoSuchMethodError'{0x00000000874bf1e0}: 'void java.lang.invoke.Invokers$Holder.invokeExact_MT(java.lang.Object, java.lang.Object, java.lang.Object, java.lang.Object)'> (0x00000000874bf1e0) 
thrown [s\open\src\hotspot\share\interpreter\linkResolver.cpp, line 773]
Event: 8.153 Thread 0x0000018bf6434310 Exception <a 'java/lang/IncompatibleClassChangeError'{0x00000000872691f0}: Found class java.lang.Object, but interface was expected> (0x00000000872691f0) 
thrown [s\open\src\hotspot\share\interpreter\linkResolver.cpp, line 840]
Event: 8.191 Thread 0x0000018bf6434310 Exception <a 'java/lang/NoSuchMethodError'{0x0000000086f6ee80}: 'long java.lang.invoke.DirectMethodHandle$Holder.invokeVirtual(java.lang.Object, java.lang.Object)'> (0x0000000086f6ee80) 
thrown [s\open\src\hotspot\share\interpreter\linkResolver.cpp, line 773]
Event: 8.194 Thread 0x0000018bf6434310 Exception <a 'java/io/FileNotFoundException'{0x0000000086f97fd8}> (0x0000000086f97fd8) 
thrown [s\open\src\hotspot\share\prims\jni.cpp, line 520]
Event: 9.279 Thread 0x0000018bf6434310 Exception <a 'java/lang/NoSuchMethodError'{0x00000000ffcdd3a0}: 'java.lang.Object java.lang.invoke.DirectMethodHandle$Holder.newInvokeSpecial(java.lang.Object, java.lang.Object, java.lang.Object, java.lang.Object, java.lang.Object, java.lang.Object, java.lang.Object, java.lang.Object, java.lang.Object, java.lang.Object, java.lang.Object)'> (0x00000000ffcdd3a0) 
thrown [s\open\src\hotspot\share\interpreter\linkResolver.cpp, line 773]
Event: 9.353 Thread 0x0000018bf6434310 Exception <a 'java/lang/NoSuchMethodError'{0x000000008bb6e8f8}: 'void java.lang.invoke.DelegatingMethodHandle$Holder.reinvoke_L(java.lang.Object, java.lang.Object, java.lang.Object, java.lang.Object, int, java.lang.Object, java.lang.Object, java.lang.Object)'> (0x000000008bb6e8f8) 
thrown [s\open\src\hotspot\share\interpreter\linkResolver.cpp, line 773]

ZGC Phase Switch (0 events):
No events

VM Operations (20 events):
Event: 8.171 Executing VM operation: HandshakeAllThreads (Deoptimize) done
Event: 8.196 Executing VM operation: HandshakeAllThreads (Deoptimize)
Event: 8.196 Executing VM operation: HandshakeAllThreads (Deoptimize) done
Event: 8.235 Executing VM operation: G1CollectForAllocation (G1 Evacuation Pause)
Event: 9.238 Executing VM operation: G1CollectForAllocation (G1 Evacuation Pause) done
Event: 9.259 Executing VM operation: G1CollectForAllocation (G1 Evacuation Pause)
Event: 9.261 Executing VM operation: G1CollectForAllocation (G1 Evacuation Pause) done
Event: 9.273 Executing VM operation: HandshakeAllThreads (Deoptimize)
Event: 9.273 Executing VM operation: HandshakeAllThreads (Deoptimize) done
Event: 9.317 Executing VM operation: G1CollectForAllocation (G1 Evacuation Pause)
Event: 9.319 Executing VM operation: G1CollectForAllocation (G1 Evacuation Pause) done
Event: 9.389 Executing VM operation: G1CollectForAllocation (G1 Evacuation Pause)
Event: 9.390 Executing VM operation: G1CollectForAllocation (G1 Evacuation Pause) done
Event: 9.414 Executing VM operation: G1PauseRemark
Event: 9.416 Executing VM operation: G1PauseRemark done
Event: 9.422 Executing VM operation: HandshakeAllThreads (Deoptimize)
Event: 9.422 Executing VM operation: HandshakeAllThreads (Deoptimize) done
Event: 9.426 Executing VM operation: G1PauseCleanup
Event: 9.426 Executing VM operation: G1PauseCleanup done
Event: 9.468 Executing VM operation: G1CollectForAllocation (G1 Evacuation Pause)

Events (20 events):
Event: 7.943 Thread 0x0000018bb00232d0 flushing nmethod 0x0000018ba7f95790
Event: 7.943 Thread 0x0000018bb00232d0 flushing nmethod 0x0000018ba7f96010
Event: 7.943 Thread 0x0000018bb00232d0 flushing nmethod 0x0000018ba7f97b90
Event: 7.943 Thread 0x0000018bb00232d0 flushing nmethod 0x0000018ba7f99410
Event: 8.200 Thread 0x0000018bf651f680 Thread added: 0x0000018bf651f680
Event: 8.201 Thread 0x0000018bf651fd10 Thread added: 0x0000018bf651fd10
Event: 8.205 Thread 0x0000018bf65210c0 Thread added: 0x0000018bf65210c0
Event: 8.227 Thread 0x0000018bf65203a0 Thread added: 0x0000018bf65203a0
Event: 9.415 Thread 0x0000018bb00232d0 flushing nmethod 0x0000018ba7bbf910
Event: 9.415 Thread 0x0000018bb00232d0 flushing nmethod 0x0000018ba7f7f190
Event: 9.415 Thread 0x0000018bb00232d0 flushing nmethod 0x0000018ba8013910
Event: 9.415 Thread 0x0000018bb00232d0 flushing nmethod 0x0000018ba7f0b410
Event: 9.415 Thread 0x0000018bb00232d0 flushing nmethod 0x0000018ba8071210
Event: 9.415 Thread 0x0000018bb00232d0 flushing nmethod 0x0000018ba7c0b210
Event: 9.415 Thread 0x0000018bb00232d0 flushing nmethod 0x0000018ba7f48710
Event: 9.415 Thread 0x0000018bb00232d0 flushing nmethod 0x0000018ba7a45590
Event: 9.415 Thread 0x0000018bb00232d0 flushing nmethod 0x0000018ba7f72f10
Event: 9.415 Thread 0x0000018bb00232d0 flushing nmethod 0x0000018ba7ee9a10
Event: 9.415 Thread 0x0000018bb00232d0 flushing nmethod 0x0000018ba7eec690
Event: 9.415 Thread 0x0000018bb00232d0 flushing nmethod 0x0000018ba7ecd910


Dynamic libraries:
0x00007ff6f79e0000 - 0x00007ff6f79f0000 	C:\Program Files\Java\jdk-21\bin\javaw.exe
0x00007ffa15fe0000 - 0x00007ffa16246000 	C:\WINDOWS\SYSTEM32\ntdll.dll
0x00007ffa14f70000 - 0x00007ffa15039000 	C:\WINDOWS\System32\KERNEL32.DLL
0x00007ffa13400000 - 0x00007ffa137cc000 	C:\WINDOWS\System32\KERNELBASE.dll
0x00007ffa138a0000 - 0x00007ffa139eb000 	C:\WINDOWS\System32\ucrtbase.dll
0x00007ffa02240000 - 0x00007ffa02259000 	C:\Program Files\Java\jdk-21\bin\jli.dll
0x00007ffa15e30000 - 0x00007ffa15ee2000 	C:\WINDOWS\System32\ADVAPI32.dll
0x00007ffa155d0000 - 0x00007ffa15679000 	C:\WINDOWS\System32\msvcrt.dll
0x00007ffa15ef0000 - 0x00007ffa15f96000 	C:\WINDOWS\System32\sechost.dll
0x00007ffa14790000 - 0x00007ffa148a6000 	C:\WINDOWS\System32\RPCRT4.dll
0x00007ffa148b0000 - 0x00007ffa14a7a000 	C:\WINDOWS\System32\USER32.dll
0x00007ffa02220000 - 0x00007ffa0223b000 	C:\Program Files\Java\jdk-21\bin\VCRUNTIME140.dll
0x00007ffa13870000 - 0x00007ffa13897000 	C:\WINDOWS\System32\win32u.dll
0x00007ff9fe190000 - 0x00007ff9fe42a000 	C:\WINDOWS\WinSxS\amd64_microsoft.windows.common-controls_6595b64144ccf1df_6.0.26100.3912_none_3e07963ce335137e\COMCTL32.dll
0x00007ffa13fe0000 - 0x00007ffa1400b000 	C:\WINDOWS\System32\GDI32.dll
0x00007ffa132c0000 - 0x00007ffa133f2000 	C:\WINDOWS\System32\gdi32full.dll
0x00007ffa139f0000 - 0x00007ffa13a93000 	C:\WINDOWS\System32\msvcp_win.dll
0x00007ffa0ba90000 - 0x00007ffa0ba9b000 	C:\WINDOWS\SYSTEM32\VERSION.dll
0x00007ffa14cf0000 - 0x00007ffa14d20000 	C:\WINDOWS\System32\IMM32.DLL
0x00007ffa02210000 - 0x00007ffa0221c000 	C:\Program Files\Java\jdk-21\bin\vcruntime140_1.dll
0x00007ff9ee8b0000 - 0x00007ff9ee93e000 	C:\Program Files\Java\jdk-21\bin\msvcp140.dll
0x00007ff9a84f0000 - 0x00007ff9a9208000 	C:\Program Files\Java\jdk-21\bin\server\jvm.dll
0x00007ffa15080000 - 0x00007ffa150f4000 	C:\WINDOWS\System32\WS2_32.dll
0x00007ffa12fe0000 - 0x00007ffa1303e000 	C:\WINDOWS\SYSTEM32\POWRPROF.dll
0x00007ffa02710000 - 0x00007ffa02746000 	C:\WINDOWS\SYSTEM32\WINMM.dll
0x00007ffa12fc0000 - 0x00007ffa12fd4000 	C:\WINDOWS\SYSTEM32\UMPDC.dll
0x00007ffa11ef0000 - 0x00007ffa11f0a000 	C:\WINDOWS\SYSTEM32\kernel.appcore.dll
0x00007ffa02110000 - 0x00007ffa0211a000 	C:\Program Files\Java\jdk-21\bin\jimage.dll
0x00007ffa100a0000 - 0x00007ffa102e1000 	C:\WINDOWS\SYSTEM32\DBGHELP.DLL
0x00007ffa151c0000 - 0x00007ffa15544000 	C:\WINDOWS\System32\combase.dll
0x00007ffa15c40000 - 0x00007ffa15d20000 	C:\WINDOWS\System32\OLEAUT32.dll
0x00007ff9faed0000 - 0x00007ff9faf09000 	C:\WINDOWS\SYSTEM32\dbgcore.DLL
0x00007ffa137d0000 - 0x00007ffa13869000 	C:\WINDOWS\System32\bcryptPrimitives.dll
0x00007ff9fcb90000 - 0x00007ff9fcbaf000 	C:\Program Files\Java\jdk-21\bin\java.dll
0x00007ffa14060000 - 0x00007ffa1478d000 	C:\WINDOWS\System32\SHELL32.dll
0x00007ffa13c20000 - 0x00007ffa13d94000 	C:\WINDOWS\System32\wintypes.dll
0x00007ffa10dc0000 - 0x00007ffa11616000 	C:\WINDOWS\SYSTEM32\windows.storage.dll
0x00007ffa14a80000 - 0x00007ffa14b6f000 	C:\WINDOWS\System32\SHCORE.dll
0x00007ffa15dc0000 - 0x00007ffa15e29000 	C:\WINDOWS\System32\shlwapi.dll
0x00007ffa13080000 - 0x00007ffa130af000 	C:\WINDOWS\SYSTEM32\profapi.dll
0x00007ffa017f0000 - 0x00007ffa01800000 	C:\Program Files\Java\jdk-21\bin\net.dll
0x00007ffa0b370000 - 0x00007ffa0b48e000 	C:\WINDOWS\SYSTEM32\WINHTTP.dll
0x00007ffa12450000 - 0x00007ffa124ba000 	C:\WINDOWS\system32\mswsock.dll
0x00007ff9f7cf0000 - 0x00007ff9f7d06000 	C:\Program Files\Java\jdk-21\bin\nio.dll
0x00007ff9f7610000 - 0x00007ff9f7628000 	C:\Program Files\Java\jdk-21\bin\zip.dll
0x00007ffa00d40000 - 0x00007ffa00d4a000 	C:\Program Files\Java\jdk-21\bin\management.dll
0x00007ff9ff930000 - 0x00007ff9ff93b000 	C:\Program Files\Java\jdk-21\bin\management_ext.dll
0x00007ffa15100000 - 0x00007ffa15108000 	C:\WINDOWS\System32\PSAPI.DLL
0x00007ff9eef60000 - 0x00007ff9eef78000 	C:\WINDOWS\system32\napinsp.dll
0x00007ffa11950000 - 0x00007ffa11a77000 	C:\WINDOWS\SYSTEM32\DNSAPI.dll
0x00007ffa11910000 - 0x00007ffa11943000 	C:\WINDOWS\SYSTEM32\IPHLPAPI.DLL
0x00007ffa15040000 - 0x00007ffa1504a000 	C:\WINDOWS\System32\NSI.dll
0x00007ff9eea70000 - 0x00007ff9eea82000 	C:\WINDOWS\System32\winrnr.dll
0x00007ff9fad30000 - 0x00007ff9fad60000 	C:\WINDOWS\system32\nlansp_c.dll
0x00007ff9ef060000 - 0x00007ff9ef080000 	C:\WINDOWS\system32\wshbth.dll
0x00007ffa09b20000 - 0x00007ffa09b2b000 	C:\Windows\System32\rasadhlp.dll
0x00007ffa09e30000 - 0x00007ffa09eb6000 	C:\WINDOWS\System32\fwpuclnt.dll
0x00007ffa126b0000 - 0x00007ffa126cc000 	C:\WINDOWS\SYSTEM32\CRYPTSP.dll
0x00007ffa11e50000 - 0x00007ffa11e8a000 	C:\WINDOWS\system32\rsaenh.dll
0x00007ffa124f0000 - 0x00007ffa1251b000 	C:\WINDOWS\SYSTEM32\USERENV.dll
0x00007ffa13050000 - 0x00007ffa13076000 	C:\WINDOWS\SYSTEM32\bcrypt.dll
0x00007ffa126d0000 - 0x00007ffa126dc000 	C:\WINDOWS\SYSTEM32\CRYPTBASE.dll
0x00007ff9feb60000 - 0x00007ff9feb69000 	C:\Program Files\Java\jdk-21\bin\extnet.dll
0x00007ff9fc0e0000 - 0x00007ff9fc0f0000 	C:\Program Files\Java\jdk-21\bin\verify.dll
0x00007ff9f8230000 - 0x00007ff9f823e000 	C:\Program Files\Java\jdk-21\bin\sunmscapi.dll
0x00007ffa13aa0000 - 0x00007ffa13c17000 	C:\WINDOWS\System32\CRYPT32.dll
0x00007ffa12950000 - 0x00007ffa12980000 	C:\WINDOWS\SYSTEM32\ncrypt.dll
0x00007ffa12900000 - 0x00007ffa1293f000 	C:\WINDOWS\SYSTEM32\NTASN1.dll

dbghelp: loaded successfully - version: 4.0.5 - missing functions: none
symbol engine: initialized successfully - sym options: 0x614 - pdb path: .;C:\Program Files\Java\jdk-21\bin;C:\WINDOWS\SYSTEM32;C:\WINDOWS\WinSxS\amd64_microsoft.windows.common-controls_6595b64144ccf1df_6.0.26100.3912_none_3e07963ce335137e;C:\Program Files\Java\jdk-21\bin\server

VM Arguments:
jvm_args: -Dcom.sun.management.jmxremote -Dcom.sun.management.jmxremote.port=14252 -Dcom.sun.management.jmxremote.authenticate=false -Dcom.sun.management.jmxremote.ssl=false -Djava.rmi.server.hostname=localhost -Dspring.jmx.enabled=true -Dmanagement.endpoints.jmx.exposure.include=* -Dspring.application.admin.enabled=true -Dspring.output.ansi.enabled=always -XX:TieredStopAtLevel=1 -Dspring.boot.project.name=tickert_service -Dfile.encoding=UTF-8 -Dstdout.encoding=UTF-8 -Dstderr.encoding=UTF-8 -XX:+ShowCodeDetailsInExceptionMessages 
java_command: com.company.tickert_service.TickertServiceApplication
java_class_path (initial): S:\Ash\tickert_service\target\classes;C:\Users\suraj\.m2\repository\org\springframework\boot\spring-boot-starter-web\3.1.0\spring-boot-starter-web-3.1.0.jar;C:\Users\suraj\.m2\repository\org\springframework\boot\spring-boot-starter\3.1.0\spring-boot-starter-3.1.0.jar;C:\Users\suraj\.m2\repository\org\springframework\boot\spring-boot-starter-logging\3.1.0\spring-boot-starter-logging-3.1.0.jar;C:\Users\suraj\.m2\repository\ch\qos\logback\logback-classic\1.4.7\logback-classic-1.4.7.jar;C:\Users\suraj\.m2\repository\ch\qos\logback\logback-core\1.4.7\logback-core-1.4.7.jar;C:\Users\suraj\.m2\repository\org\apache\logging\log4j\log4j-to-slf4j\2.20.0\log4j-to-slf4j-2.20.0.jar;C:\Users\suraj\.m2\repository\org\apache\logging\log4j\log4j-api\2.20.0\log4j-api-2.20.0.jar;C:\Users\suraj\.m2\repository\org\slf4j\jul-to-slf4j\2.0.7\jul-to-slf4j-2.0.7.jar;C:\Users\suraj\.m2\repository\jakarta\annotation\jakarta.annotation-api\2.1.1\jakarta.annotation-api-2.1.1.jar;C:\Users\suraj\.m2\repository\org\yaml\snakeyaml\1.33\snakeyaml-1.33.jar;C:\Users\suraj\.m2\repository\org\springframework\boot\spring-boot-starter-json\3.1.0\spring-boot-starter-json-3.1.0.jar;C:\Users\suraj\.m2\repository\com\fasterxml\jackson\datatype\jackson-datatype-jdk8\2.15.0\jackson-datatype-jdk8-2.15.0.jar;C:\Users\suraj\.m2\repository\com\fasterxml\jackson\datatype\jackson-datatype-jsr310\2.15.0\jackson-datatype-jsr310-2.15.0.jar;C:\Users\suraj\.m2\repository\com\fasterxml\jackson\module\jackson-module-parameter-names\2.15.0\jackson-module-parameter-names-2.15.0.jar;C:\Users\suraj\.m2\repository\org\springframework\boot\spring-boot-starter-tomcat\3.1.0\spring-boot-starter-tomcat-3.1.0.jar;C:\Users\suraj\.m2\repository\org\apache\tomcat\embed\tomcat-embed-core\10.1.8\tomcat-embed-core-10.1.8.jar;C:\Users\suraj\.m2\repository\org\apache\tomcat\embed\tomcat-embed-websocket\10.1.8\tomcat-embed-websocket-10.1.8.jar;C:\Users\suraj\.m2\repository\org\springframework\spring-web\6.0.9\spring-web-6.0.9.jar;C:\Users\suraj\.m2\repository\org\springframework\spring-webmvc\6.0.9\spring-webmvc-6.0.9.jar;C:\Users\suraj\.m2\repository\org\springframework\spring-expression\6.0.9\spring-expression-6.0.9.jar;C:\Users\suraj\.m2\repository\org\springframework\boot\spring-boot-starter-data-jpa\3.1.0\spring-boot-starter-data-jpa-3.1.0.jar;C:\Users\suraj\.m2\repository\org\springframework\boot\spring-boot-starter-aop\3.1.0\spring-boot-starter-aop-3.1.0.jar;C:\Users\suraj\.m2\repository\org\aspectj\aspectjweaver\1.9.19\aspectjweaver-1.9.19.jar;C:\Users\suraj\.m2\repository\org\springframework\boot\spring-boot-starter-jdbc\3.1.0\spring-boot-starter-jdbc-3.1.0.jar;C:\Users\suraj\.m2\repository\com\zaxxer\HikariCP\5.0.1\HikariCP-5.0.1.jar;C:\Users\suraj\.m2\repository\org\springframework\spring-jdbc\6.0.9\spring-jdbc-6.0.9.jar;C:\Users\suraj\.m2\repository\org\hibernate\orm\hibernate-core\6.2.2.Final\hibernate-core-6.2.2.Final.jar;C:\Users\suraj\.m2\repository\jakarta\persistence\jakarta.persistence-api\3.1.0\jakarta.persistence-api-3.1.0.jar;C:\Users\suraj\.m2\repository\jakarta\transaction\jakarta.transaction-api\2.0.1\jakarta.transaction-api-2.0.1.jar;C:\Users\suraj\.m2\repository\org\jboss\logging\jboss-logging\3.5.0.Final\jboss-logging-3.5.0.Final.jar;C:\Users\suraj\.m2\repository\org\hibernate\common\hibernate-commons-annotations\6.0.6.Final\hibernate-commons-annotations-6.0.6.Final.jar;C:\Users\suraj\.m2\repository\io\smallrye\jandex\3.0.5\jandex-3.0.5.jar;C:\Users\suraj\.m2\repository\com\fasterxml\classmate\1.5.1\classmate-1.5.1.jar;C:\Users\suraj\.m2\repository\net\bytebuddy\byte-buddy\1.14.4\byte-buddy-1.14.4.jar;C:\Users\suraj\.m2\repository\org\glassfish\jaxb\jaxb-runtime\4.0.2\jaxb-runtime-4.0.2.jar;C:\Users\suraj\.m2\repository\org\glassfish\jaxb\jaxb-core\4.0.2\jaxb-core-4.0.2.jar;C:\Users\suraj\.m2\repository\org\eclipse\angus\angus-activation\2.0.0\angus-activation-2.0.0.jar;C:\Users\suraj\.m2\repository\org\glassfish\jaxb\txw2\4.0.2\txw2-4.0.2.jar;C:\Users\suraj\.m2\repository\com\sun\istack\istack-commons-runtime\4.1.1\istack-commons-runtime-4.1.1.jar;C:\Users\suraj\.m2\repository\jakarta\inject\jakarta.inject-api\2.0.1\jakarta.inject-api-2.0.1.jar;C:\Users\suraj\.m2\repository\org\antlr\antlr4-runtime\4.10.1\antlr4-runtime-4.10.1.jar;C:\Users\suraj\.m2\repository\org\springframework\data\spring-data-jpa\3.1.0\spring-data-jpa-3.1.0.jar;C:\Users\suraj\.m2\repository\org\springframework\data\spring-data-commons\3.1.0\spring-data-commons-3.1.0.jar;C:\Users\suraj\.m2\repository\org\springframework\spring-orm\6.0.9\spring-orm-6.0.9.jar;C:\Users\suraj\.m2\repository\org\slf4j\slf4j-api\2.0.7\slf4j-api-2.0.7.jar;C:\Users\suraj\.m2\repository\org\springframework\spring-aspects\6.0.9\spring-aspects-6.0.9.jar;C:\Users\suraj\.m2\repository\com\mysql\mysql-connector-j\8.0.33\mysql-connector-j-8.0.33.jar;C:\Users\suraj\.m2\repository\org\springframework\boot\spring-boot-starter-security\3.1.0\spring-boot-starter-security-3.1.0.jar;C:\Users\suraj\.m2\repository\org\springframework\spring-aop\6.0.9\spring-aop-6.0.9.jar;C:\Users\suraj\.m2\repository\org\springframework\security\spring-security-config\6.1.0\spring-security-config-6.1.0.jar;C:\Users\suraj\.m2\repository\org\springframework\security\spring-security-core\6.1.0\spring-security-core-6.1.0.jar;C:\Users\suraj\.m2\repository\org\springframework\security\spring-security-crypto\6.1.0\spring-security-crypto-6.1.0.jar;C:\Users\suraj\.m2\repository\org\springframework\security\spring-security-web\6.1.0\spring-security-web-6.1.0.jar;C:\Users\suraj\.m2\repository\org\springframework\cloud\spring-cloud-starter-netflix-eureka-client\4.0.3\spring-cloud-starter-netflix-eureka-client-4.0.3.jar;C:\Users\suraj\.m2\repository\org\springframework\cloud\spring-cloud-starter\4.0.4\spring-cloud-starter-4.0.4.jar;C:\Users\suraj\.m2\repository\org\springframework\cloud\spring-cloud-context\4.0.4\spring-cloud-context-4.0.4.jar;C:\Users\suraj\.m2\repository\org\springframework\cloud\spring-cloud-commons\4.0.4\spring-cloud-commons-4.0.4.jar;C:\Users\suraj\.m2\repository\org\springframework\security\spring-security-rsa\1.0.12.RELEASE\spring-security-rsa-1.0.12.RELEASE.jar;C:\Users\suraj\.m2\repository\org\bouncycastle\bcpkix-jdk18on\1.73\bcpkix-jdk18on-1.73.jar;C:\Users\suraj\.m2\repository\org\bouncycastle\bcprov-jdk18on\1.73\bcprov-jdk18on-1.73.jar;C:\Users\suraj\.m2\repository\org\bouncycastle\bcutil-jdk18on\1.73\bcutil-jdk18on-1.73.jar;C:\Users\suraj\.m2\repository\org\springframework\cloud\spring-cloud-netflix-eureka-client\4.0.3\spring-cloud-netflix-eureka-client-4.0.3.jar;C:\Users\suraj\.m2\repository\org\apache\httpcomponents\client5\httpclient5\5.2.1\httpclient5-5.2.1.jar;C:\Users\suraj\.m2\repository\org\apache\httpcomponents\core5\httpcore5\5.2.1\httpcore5-5.2.1.jar;C:\Users\suraj\.m2\repository\org\apache\httpcomponents\core5\httpcore5-h2\5.2.1\httpcore5-h2-5.2.1.jar;C:\Users\suraj\.m2\repository\com\netflix\eureka\eureka-client\2.0.1\eureka-client-2.0.1.jar;C:\Users\suraj\.m2\repository\com\netflix\netflix-commons\netflix-eventbus\0.3.0\netflix-eventbus-0.3.0.jar;C:\Users\suraj\.m2\repository\com\netflix\netflix-commons\netflix-infix\0.3.0\netflix-infix-0.3.0.jar;C:\Users\suraj\.m2\repository\commons-jxpath\commons-jxpath\1.3\commons-jxpath-1.3.jar;C:\Users\suraj\.m2\repository\joda-time\joda-time\2.3\joda-time-2.3.jar;C:\Users\suraj\.m2\repository\org\antlr\antlr-runtime\3.4\antlr-runtime-3.4.jar;C:\Users\suraj\.m2\repository\org\antlr\stringtemplate\3.2.1\stringtemplate-3.2.1.jar;C:\Users\suraj\.m2\repository\antlr\antlr\2.7.7\antlr-2.7.7.jar;C:\Users\suraj\.m2\repository\com\google\code\gson\gson\2.10.1\gson-2.10.1.jar;C:\Users\suraj\.m2\repository\org\apache\commons\commons-math\2.2\commons-math-2.2.jar;C:\Users\suraj\.m2\repository\com\thoughtworks\xstream\xstream\1.4.19\xstream-1.4.19.jar;C:\Users\suraj\.m2\repository\io\github\x-stream\mxparser\1.2.2\mxparser-1.2.2.jar;C:\Users\suraj\.m2\repository\xmlpull\xmlpull\1.1.3.1\xmlpull-1.1.3.1.jar;C:\Users\suraj\.m2\repository\jakarta\ws\rs\jakarta.ws.rs-api\3.1.0\jakarta.ws.rs-api-3.1.0.jar;C:\Users\suraj\.m2\repository\com\netflix\servo\servo-core\0.12.21\servo-core-0.12.21.jar;C:\Users\suraj\.m2\repository\org\apache\httpcomponents\httpclient\4.5.3\httpclient-4.5.3.jar;C:\Users\suraj\.m2\repository\org\apache\httpcomponents\httpcore\4.4.16\httpcore-4.4.16.jar;C:\Users\suraj\.m2\repository\commons-codec\commons-codec\1.15\commons-codec-1.15.jar;C:\Users\suraj\.m2\repository\commons-configuration\commons-configuration\1.10\commons-configuration-1.10.jar;C:\Users\suraj\.m2\repository\commons-lang\commons-lang\2.6\commons-lang-2.6.jar;C:\Users\suraj\.m2\repository\org\codehaus\jettison\jettison\1.4.0\jettison-1.4.0.jar;C:\Users\suraj\.m2\repository\com\netflix\eureka\eureka-core\2.0.1\eureka-core-2.0.1.jar;C:\Users\suraj\.m2\repository\jakarta\servlet\jakarta.servlet-api\6.0.0\jakarta.servlet-api-6.0.0.jar;C:\Users\suraj\.m2\repository\com\fasterxml\woodstox\woodstox-core\6.2.1\woodstox-core-6.2.1.jar;C:\Users\suraj\.m2\repository\org\codehaus\woodstox\stax2-api\4.2.1\stax2-api-4.2.1.jar;C:\Users\suraj\.m2\repository\org\springframework\cloud\spring-cloud-starter-loadbalancer\4.0.4\spring-cloud-starter-loadbalancer-4.0.4.jar;C:\Users\suraj\.m2\repository\org\springframework\cloud\spring-cloud-loadbalancer\4.0.4\spring-cloud-loadbalancer-4.0.4.jar;C:\Users\suraj\.m2\repository\io\projectreactor\reactor-core\3.5.6\reactor-core-3.5.6.jar;C:\Users\suraj\.m2\repository\org\reactivestreams\reactive-streams\1.0.4\reactive-streams-1.0.4.jar;C:\Users\suraj\.m2\repository\io\projectreactor\addons\reactor-extra\3.5.1\reactor-extra-3.5.1.jar;C:\Users\suraj\.m2\repository\org\springframework\boot\spring-boot-starter-cache\3.1.0\spring-boot-starter-cache-3.1.0.jar;C:\Users\suraj\.m2\repository\org\springframework\spring-context-support\6.0.9\spring-context-support-6.0.9.jar;C:\Users\suraj\.m2\repository\com\stoyanr\evictor\1.0.0\evictor-1.0.0.jar;C:\Users\suraj\.m2\repository\org\springframework\kafka\spring-kafka\3.0.7\spring-kafka-3.0.7.jar;C:\Users\suraj\.m2\repository\org\springframework\spring-context\6.0.9\spring-context-6.0.9.jar;C:\Users\suraj\.m2\repository\org\springframework\spring-tx\6.0.9\spring-tx-6.0.9.jar;C:\Users\suraj\.m2\repository\org\springframework\retry\spring-retry\2.0.1\spring-retry-2.0.1.jar;C:\Users\suraj\.m2\repository\org\apache\kafka\kafka-clients\3.4.0\kafka-clients-3.4.0.jar;C:\Users\suraj\.m2\repository\com\github\luben\zstd-jni\1.5.2-1\zstd-jni-1.5.2-1.jar;C:\Users\suraj\.m2\repository\org\lz4\lz4-java\1.8.0\lz4-java-1.8.0.jar;C:\Users\suraj\.m2\repository\io\micrometer\micrometer-observation\1.11.0\micrometer-observation-1.11.0.jar;C:\Users\suraj\.m2\repository\io\micrometer\micrometer-commons\1.11.0\micrometer-commons-1.11.0.jar;C:\Users\suraj\.m2\repository\com\google\code\findbugs\jsr305\3.0.2\jsr305-3.0.2.jar;C:\Users\suraj\.m2\repository\io\minio\minio\8.5.4\minio-8.5.4.jar;C:\Users\suraj\.m2\repository\com\carrotsearch\thirdparty\simple-xml-safe\2.7.1\simple-xml-safe-2.7.1.jar;C:\Users\suraj\.m2\repository\com\google\guava\guava\32.0.0-jre\guava-32.0.0-jre.jar;C:\Users\suraj\.m2\repository\com\google\guava\failureaccess\1.0.1\failureaccess-1.0.1.jar;C:\Users\suraj\.m2\repository\com\google\guava\listenablefuture\9999.0-empty-to-avoid-conflict-with-guava\listenablefuture-9999.0-empty-to-avoid-conflict-with-guava.jar;C:\Users\suraj\.m2\repository\org\checkerframework\checker-qual\3.33.0\checker-qual-3.33.0.jar;C:\Users\suraj\.m2\repository\com\google\errorprone\error_prone_annotations\2.18.0\error_prone_annotations-2.18.0.jar;C:\Users\suraj\.m2\repository\com\google\j2objc\j2objc-annotations\2.8\j2objc-annotations-2.8.jar;C:\Users\suraj\.m2\repository\com\squareup\okhttp3\okhttp\4.10.0\okhttp-4.10.0.jar;C:\Users\suraj\.m2\repository\com\squareup\okio\okio-jvm\3.0.0\okio-jvm-3.0.0.jar;C:\Users\suraj\.m2\repository\org\jetbrains\kotlin\kotlin-stdlib-jdk8\1.8.21\kotlin-stdlib-jdk8-1.8.21.jar;C:\Users\suraj\.m2\repository\org\jetbrains\kotlin\kotlin-stdlib-jdk7\1.8.21\kotlin-stdlib-jdk7-1.8.21.jar;C:\Users\suraj\.m2\repository\org\jetbrains\kotlin\kotlin-stdlib-common\1.8.21\kotlin-stdlib-common-1.8.21.jar;C:\Users\suraj\.m2\repository\org\jetbrains\kotlin\kotlin-stdlib\1.8.21\kotlin-stdlib-1.8.21.jar;C:\Users\suraj\.m2\repository\org\jetbrains\annotations\13.0\annotations-13.0.jar;C:\Users\suraj\.m2\repository\com\fasterxml\jackson\core\jackson-annotations\2.15.0\jackson-annotations-2.15.0.jar;C:\Users\suraj\.m2\repository\com\fasterxml\jackson\core\jackson-core\2.15.0\jackson-core-2.15.0.jar;C:\Users\suraj\.m2\repository\org\bouncycastle\bcprov-jdk15on\1.70\bcprov-jdk15on-1.70.jar;C:\Users\suraj\.m2\repository\org\apache\commons\commons-compress\1.23.0\commons-compress-1.23.0.jar;C:\Users\suraj\.m2\repository\org\xerial\snappy\snappy-java\1.1.10.1\snappy-java-1.1.10.1.jar;C:\Users\suraj\.m2\repository\org\springframework\boot\spring-boot-starter-validation\3.1.0\spring-boot-starter-validation-3.1.0.jar;C:\Users\suraj\.m2\repository\org\apache\tomcat\embed\tomcat-embed-el\10.1.8\tomcat-embed-el-10.1.8.jar;C:\Users\suraj\.m2\repository\org\hibernate\validator\hibernate-validator\8.0.0.Final\hibernate-validator-8.0.0.Final.jar;C:\Users\suraj\.m2\repository\jakarta\validation\jakarta.validation-api\3.0.2\jakarta.validation-api-3.0.2.jar;C:\Users\suraj\.m2\repository\org\projectlombok\lombok\1.18.30\lombok-1.18.30.jar;C:\Users\suraj\.m2\repository\org\springframework\boot\spring-boot-devtools\3.1.0\spring-boot-devtools-3.1.0.jar;C:\Users\suraj\.m2\repository\org\springframework\boot\spring-boot\3.1.0\spring-boot-3.1.0.jar;C:\Users\suraj\.m2\repository\org\springframework\boot\spring-boot-autoconfigure\3.1.0\spring-boot-autoconfigure-3.1.0.jar;C:\Users\suraj\.m2\repository\org\springframework\boot\spring-boot-starter-websocket\3.1.0\spring-boot-starter-websocket-3.1.0.jar;C:\Users\suraj\.m2\repository\org\springframework\spring-websocket\6.0.9\spring-websocket-6.0.9.jar;C:\Users\suraj\.m2\repository\org\springframework\spring-messaging\6.0.9\spring-messaging-6.0.9.jar;C:\Users\suraj\.m2\repository\org\springframework\spring-beans\6.0.9\spring-beans-6.0.9.jar;C:\Users\suraj\.m2\repository\org\springframework\spring-core\6.0.9\spring-core-6.0.9.jar;C:\Users\suraj\.m2\repository\org\springframework\spring-jcl\6.0.9\spring-jcl-6.0.9.jar;C:\Users\suraj\.m2\repository\com\fasterxml\jackson\core\jackson-databind\2.15.0\jackson-databind-2.15.0.jar;C:\Users\suraj\.m2\repository\io\jsonwebtoken\jjwt-api\0.11.5\jjwt-api-0.11.5.jar;C:\Users\suraj\.m2\repository\io\jsonwebtoken\jjwt-impl\0.11.5\jjwt-impl-0.11.5.jar;C:\Users\suraj\.m2\repository\io\jsonwebtoken\jjwt-jackson\0.11.5\jjwt-jackson-0.11.5.jar;C:\Users\suraj\.m2\repository\jakarta\xml\bind\jakarta.xml.bind-api\4.0.0\jakarta.xml.bind-api-4.0.0.jar;C:\Users\suraj\.m2\repository\jakarta\activation\jakarta.activation-api\2.1.2\jakarta.activation-api-2.1.2.jar
Launcher Type: SUN_STANDARD

[Global flags]
     intx CICompilerCount                          = 4                                         {product} {ergonomic}
     uint ConcGCThreads                            = 2                                         {product} {ergonomic}
     uint G1ConcRefinementThreads                  = 8                                         {product} {ergonomic}
   size_t G1HeapRegionSize                         = 1048576                                   {product} {ergonomic}
    uintx GCDrainStackTargetSize                   = 64                                        {product} {ergonomic}
   size_t InitialHeapSize                          = 130023424                                 {product} {ergonomic}
     bool ManagementServer                         = true                                      {product} {command line}
   size_t MarkStackSize                            = 4194304                                   {product} {ergonomic}
   size_t MaxHeapSize                              = 2080374784                                {product} {ergonomic}
   size_t MaxNewSize                               = 1247805440                                {product} {ergonomic}
   size_t MinHeapDeltaBytes                        = 1048576                                   {product} {ergonomic}
   size_t MinHeapSize                              = 8388608                                   {product} {ergonomic}
    uintx NonNMethodCodeHeapSize                   = 4096                                   {pd product} {ergonomic}
    uintx NonProfiledCodeHeapSize                  = 0                                      {pd product} {ergonomic}
     bool ProfileInterpreter                       = false                                  {pd product} {command line}
    uintx ProfiledCodeHeapSize                     = 0                                      {pd product} {ergonomic}
     bool ShowCodeDetailsInExceptionMessages       = true                                   {manageable} {command line}
   size_t SoftMaxHeapSize                          = 2080374784                             {manageable} {ergonomic}
     intx TieredStopAtLevel                        = 1                                         {product} {command line}
     bool UseCompressedOops                        = true                           {product lp64_product} {ergonomic}
     bool UseG1GC                                  = true                                      {product} {ergonomic}
     bool UseLargePagesIndividualAllocation        = false                                  {pd product} {ergonomic}

Logging:
Log output configuration:
 #0: stdout all=warning uptime,level,tags foldmultilines=false
 #1: stderr all=off uptime,level,tags foldmultilines=false

Environment Variables:
PATH=S:/adv_java/javaSoftwares/sts-4.30.0.RELEASE//plugins/org.eclipse.justj.openjdk.hotspot.jre.full.win32.x86_64_21.0.6.v20250130-0529/jre/bin/server;S:/adv_java/javaSoftwares/sts-4.30.0.RELEASE//plugins/org.eclipse.justj.openjdk.hotspot.jre.full.win32.x86_64_21.0.6.v20250130-0529/jre/bin;C:\Program Files\Java\jdk-11.0.16\bin;C:\Program Files\Java\jdk-21\bin;C:\Program Files\Common Files\Oracle\Java\javapath;C:\WINDOWS\system32;C:\WINDOWS;C:\WINDOWS\System32\Wbem;C:\WINDOWS\System32\WindowsPowerShell\v1.0\;C:\WINDOWS\System32\OpenSSH\;C:\xampp\php;C:\ProgramData\ComposerSetup\bin;C:\Users\suraj\AppData\Roaming\npm\node_modules\@angular\cli\;C:\ProgramData\chocolatey\bin;C:\Program Files\nodejs\;C:\Users\suraj\AppData\Roaming\npm\node_modules\@angular\cli;C:\Users\suraj\Python\Python311\;C:\Program Files\Git\cmd;C:\Program Files\dotnet\;S:\Mongo\mongosh-2.3.1-win32-x64\bin;C:\Program Files\MongoDB\Server\8.0\bin;C:\Program Files\Microsoft SQL Server\150\Tools\Binn\;C:\Program Files\Microsoft SQL Server\Client SDK\ODBC\170\Tools\Binn\;C:\Program Files (x86)\Windows Kits\10\Windows Performance Toolkit\;C:\Program Files\Docker\Docker\resources\bin;C:\Program Files\MySQL\MySQL Shell 8.0\bin\;C:\Users\suraj\Python\Python311\Scripts\;C:\Users\suraj\Python\Python311\;C:\Users\suraj\AppData\Local\Microsoft\WindowsApps;C:\Users\suraj\AppData\Local\Programs\Microsoft VS Code\bin;C:\Users\suraj\AppData\Roaming\Composer\vendor\bin;C:\Users\suraj\AppData\Roaming\npm;C:\Program Files\heroku\bin;C:\Users\suraj\.dotnet\tools;C:\Users\suraj\AppData\Local\Google\Cloud SDK\google-cloud-sdk\bin;C:\Program Files\Java\jdk-21;;S:\adv_java\javaSoftwares\sts-4.30.0.RELEASE;
USERNAME=suraj
OS=Windows_NT
PROCESSOR_IDENTIFIER=Intel64 Family 6 Model 126 Stepping 5, GenuineIntel
TMP=C:\Users\suraj\AppData\Local\Temp
TEMP=C:\Users\suraj\AppData\Local\Temp




Periodic native trim disabled

---------------  S Y S T E M  ---------------

OS:
 Windows 11 , 64 bit Build 26100 (10.0.26100.3912)
OS uptime: 0 days 0:23 hours
Hyper-V role detected

CPU: total 8 (initial active 8) (4 cores per cpu, 2 threads per core) family 6 model 126 stepping 5 microcode 0xa8, cx8, cmov, fxsr, ht, mmx, 3dnowpref, sse, sse2, sse3, ssse3, sse4.1, sse4.2, popcnt, lzcnt, tsc, tscinvbit, avx, avx2, aes, erms, clmul, bmi1, bmi2, adx, avx512f, avx512dq, avx512cd, avx512bw, avx512vl, sha, fma, vzeroupper, avx512_vpopcntdq, avx512_vpclmulqdq, avx512_vaes, avx512_vnni, clflush, clflushopt, avx512_vbmi2, avx512_vbmi, hv, rdtscp, rdpid, fsrm, gfni, avx512_bitalg, f16c, avx512_ifma
Processor Information for all 8 processors :
  Max Mhz: 1190, Current Mhz: 991, Mhz Limit: 987

Memory: 4k page, system-wide physical 7930M (462M free)
TotalPageFile size 12026M (AvailPageFile size 8M)
current process WorkingSet (physical memory assigned to process): 188M, peak: 188M
current process commit charge ("private bytes"): 246M, peak: 275M

vm_info: Java HotSpot(TM) 64-Bit Server VM (21.0.5+9-LTS-239) for windows-amd64 JRE (21.0.5+9-LTS-239), built on 2024-09-30T05:17:38Z by "mach5one" with MS VC++ 17.6 (VS2022)

END.
