#
# There is insufficient memory for the Java Runtime Environment to continue.
# Native memory allocation (malloc) failed to allocate 217552 bytes for Chunk::new
# Possible reasons:
#   The system is out of physical RAM or swap space
#   The process is running with CompressedOops enabled, and the Java Heap may be blocking the growth of the native heap
# Possible solutions:
#   Reduce memory load on the system
#   Increase physical memory or swap space
#   Check if swap backing store is full
#   Decrease Java heap size (-Xmx/-Xms)
#   Decrease number of Java threads
#   Decrease Java thread stack sizes (-Xss)
#   Set larger code cache with -XX:ReservedCodeCacheSize=
#   JVM is running with Unscaled Compressed Oops mode in which the Java heap is
#     placed in the first 4GB address space. The Java Heap base address is the
#     maximum limit for the native heap growth. Please use -XX:HeapBaseMinAddress
#     to set the Java Heap base and to place the Java Heap above 4GB virtual address.
# This output file may be truncated or incomplete.
#
#  Out of Memory Error (arena.cpp:168), pid=17756, tid=14992
#
# JRE version: Java(TM) SE Runtime Environment (21.0.5+9) (build 21.0.5+9-LTS-239)
# Java VM: Java HotSpot(TM) 64-Bit Server VM (21.0.5+9-LTS-239, mixed mode, sharing, tiered, compressed oops, compressed class ptrs, g1 gc, windows-amd64)
# No core dump will be written. Minidumps are not enabled by default on client versions of Windows
#

---------------  S U M M A R Y ------------

Command Line: -Dmaven.home=EMBEDDED -Dclassworlds.conf=S:\Ash\.metadata\.plugins\org.eclipse.m2e.launching\launches\m2conf3963525855812450564.tmp -Dmaven.multiModuleProjectDirectory=S:\Ash\tickert_service -Dm2e.build.project.data.socket.port=1089 -Dfile.encoding=UTF-8 -Dstdout.encoding=UTF-8 -Dstderr.encoding=UTF-8 -XX:+ShowCodeDetailsInExceptionMessages org.codehaus.plexus.classworlds.launcher.Launcher -B -Dmaven.test.skip=true -DskipTests -Dstyle.color=always clean copmile

Host: Intel(R) Core(TM) i5-1035G1 CPU @ 1.00GHz, 8 cores, 7G,  Windows 11 , 64 bit Build 26100 (10.0.26100.3912)
Time: Wed Nov 12 23:45:15 2025 India Standard Time elapsed time: 13.832855 seconds (0d 0h 0m 13s)

---------------  T H R E A D  ---------------

Current thread (0x000001f685236030):  JavaThread "C2 CompilerThread1" daemon [_thread_in_native, id=14992, stack(0x0000003449c00000,0x0000003449d00000) (1024K)]


Current CompileTask:
C2:  13833 1611       4       jdk.internal.jimage.ImageLocation::verify (218 bytes)

Stack: [0x0000003449c00000,0x0000003449d00000]
Native frames: (J=compiled Java code, j=interpreted, Vv=VM code, C=native code)
V  [jvm.dll+0x6ca289]
V  [jvm.dll+0x854a51]
V  [jvm.dll+0x856f7e]
V  [jvm.dll+0x857653]
V  [jvm.dll+0x27dd26]
V  [jvm.dll+0xc4c2d]
V  [jvm.dll+0xc5163]
V  [jvm.dll+0x3b4d3c]
V  [jvm.dll+0x1df613]
V  [jvm.dll+0x246a62]
V  [jvm.dll+0x245eef]
V  [jvm.dll+0x1c6d0e]
V  [jvm.dll+0x2554d9]
V  [jvm.dll+0x253a6a]
V  [jvm.dll+0x3ee136]
V  [jvm.dll+0x7fee9b]
V  [jvm.dll+0x6c896d]
C  [ucrtbase.dll+0x37b0]
C  [KERNEL32.DLL+0x2e8d7]
C  [ntdll.dll+0x9c5dc]


---------------  P R O C E S S  ---------------

Threads class SMR info:
_java_thread_list=0x000001f63f7f9cb0, length=13, elements={
0x000001f620a32b80, 0x000001f63f5c6a30, 0x000001f63f5c7480, 0x000001f63f5d07e0,
0x000001f63f5d15e0, 0x000001f63f5d2030, 0x000001f63f5d93a0, 0x000001f63f5e6150,
0x000001f63f5e8bf0, 0x000001f63f862820, 0x000001f63f862eb0, 0x000001f685236030,
0x000001f6855039e0
}

Java Threads: ( => current thread )
  0x000001f620a32b80 JavaThread "main"                              [_thread_in_native, id=17892, stack(0x0000003448a00000,0x0000003448b00000) (1024K)]
  0x000001f63f5c6a30 JavaThread "Reference Handler"          daemon [_thread_blocked, id=6176, stack(0x0000003449200000,0x0000003449300000) (1024K)]
  0x000001f63f5c7480 JavaThread "Finalizer"                  daemon [_thread_blocked, id=16568, stack(0x0000003449300000,0x0000003449400000) (1024K)]
  0x000001f63f5d07e0 JavaThread "Signal Dispatcher"          daemon [_thread_blocked, id=13528, stack(0x0000003449400000,0x0000003449500000) (1024K)]
  0x000001f63f5d15e0 JavaThread "Attach Listener"            daemon [_thread_blocked, id=12200, stack(0x0000003449500000,0x0000003449600000) (1024K)]
  0x000001f63f5d2030 JavaThread "Service Thread"             daemon [_thread_blocked, id=20212, stack(0x0000003449600000,0x0000003449700000) (1024K)]
  0x000001f63f5d93a0 JavaThread "Monitor Deflation Thread"   daemon [_thread_blocked, id=6340, stack(0x0000003449700000,0x0000003449800000) (1024K)]
  0x000001f63f5e6150 JavaThread "C2 CompilerThread0"         daemon [_thread_in_native, id=7296, stack(0x0000003449800000,0x0000003449900000) (1024K)]
  0x000001f63f5e8bf0 JavaThread "C1 CompilerThread0"         daemon [_thread_blocked, id=16204, stack(0x0000003449900000,0x0000003449a00000) (1024K)]
  0x000001f63f862820 JavaThread "Notification Thread"        daemon [_thread_blocked, id=13160, stack(0x0000003449a00000,0x0000003449b00000) (1024K)]
  0x000001f63f862eb0 JavaThread "Common-Cleaner"             daemon [_thread_blocked, id=4896, stack(0x0000003449b00000,0x0000003449c00000) (1024K)]
=>0x000001f685236030 JavaThread "C2 CompilerThread1"         daemon [_thread_in_native, id=14992, stack(0x0000003449c00000,0x0000003449d00000) (1024K)]
  0x000001f6855039e0 JavaThread "C2 CompilerThread2"         daemon [_thread_in_native, id=17860, stack(0x0000003449d00000,0x0000003449e00000) (1024K)]
Total: 13

Other Threads:
  0x000001f63f5aee60 VMThread "VM Thread"                           [id=21288, stack(0x0000003449100000,0x0000003449200000) (1024K)]
  0x000001f63f59fa00 WatcherThread "VM Periodic Task Thread"        [id=19196, stack(0x0000003449000000,0x0000003449100000) (1024K)]
  0x000001f622d4fee0 WorkerThread "GC Thread#0"                     [id=3128, stack(0x0000003448b00000,0x0000003448c00000) (1024K)]
  0x000001f6859b6dc0 WorkerThread "GC Thread#1"                     [id=1308, stack(0x0000003449e00000,0x0000003449f00000) (1024K)]
  0x000001f685c3b260 WorkerThread "GC Thread#2"                     [id=16756, stack(0x0000003449f00000,0x000000344a000000) (1024K)]
  0x000001f685fe4bb0 WorkerThread "GC Thread#3"                     [id=12744, stack(0x000000344a000000,0x000000344a100000) (1024K)]
  0x000001f685b8a660 WorkerThread "GC Thread#4"                     [id=17048, stack(0x000000344a100000,0x000000344a200000) (1024K)]
  0x000001f685b903c0 WorkerThread "GC Thread#5"                     [id=18928, stack(0x000000344a200000,0x000000344a300000) (1024K)]
  0x000001f685b8ea60 WorkerThread "GC Thread#6"                     [id=8176, stack(0x000000344a300000,0x000000344a400000) (1024K)]
  0x000001f685b8f1a0 WorkerThread "GC Thread#7"                     [id=7404, stack(0x000000344a400000,0x000000344a500000) (1024K)]
  0x000001f622d61bf0 ConcurrentGCThread "G1 Main Marker"            [id=9528, stack(0x0000003448c00000,0x0000003448d00000) (1024K)]
  0x000001f622d62600 WorkerThread "G1 Conc#0"                       [id=9376, stack(0x0000003448d00000,0x0000003448e00000) (1024K)]
  0x000001f63f45a490 ConcurrentGCThread "G1 Refine#0"               [id=11596, stack(0x0000003448e00000,0x0000003448f00000) (1024K)]
  0x000001f63f45bcc0 ConcurrentGCThread "G1 Service"                [id=6988, stack(0x0000003448f00000,0x0000003449000000) (1024K)]
Total: 14

Threads with active compile tasks:
C2 CompilerThread0    15897 1629 %     4       java.io.WinNTFileSystem::normalize @ 58 (224 bytes)
C1 CompilerThread0    15897 1655       3       sun.reflect.generics.factory.CoreReflectionFactory::getDeclsLoader (85 bytes)
C2 CompilerThread1    15897 1611       4       jdk.internal.jimage.ImageLocation::verify (218 bytes)
C2 CompilerThread2    15897 1631       4       jdk.internal.module.SystemModuleFinders$SystemModuleReader::find (59 bytes)
Total: 4

VM state: not at safepoint (normal execution)

VM Mutex/Monitor currently owned by a thread: None

Heap address: 0x0000000084000000, size: 1984 MB, Compressed Oops mode: 32-bit

CDS archive(s) mapped at: [0x000001f640000000-0x000001f640c90000-0x000001f640c90000), size 13172736, SharedBaseAddress: 0x000001f640000000, ArchiveRelocationMode: 1.
Compressed class space mapped at: 0x000001f641000000-0x000001f681000000, reserved size: 1073741824
Narrow klass base: 0x000001f640000000, Narrow klass shift: 0, Narrow klass range: 0x100000000

GC Precious Log:
 CardTable entry size: 512
 Card Set container configuration: InlinePtr #cards 5 size 8 Array Of Cards #cards 12 size 40 Howl #buckets 4 coarsen threshold 1843 Howl Bitmap #cards 512 size 80 coarsen threshold 460 Card regions per heap region 1 cards per card region 2048
 CPUs: 8 total, 8 available
 Memory: 7930M
 Large Page Support: Disabled
 NUMA Support: Disabled
 Compressed Oops: Enabled (32-bit)
 Heap Region Size: 1M
 Heap Min Capacity: 8M
 Heap Initial Capacity: 124M
 Heap Max Capacity: 1984M
 Pre-touch: Disabled
 Parallel Workers: 8
 Concurrent Workers: 2
 Concurrent Refinement Workers: 8
 Periodic GC: Disabled

Heap:
 garbage-first heap   total 126976K, used 20672K [0x0000000084000000, 0x0000000100000000)
  region size 1024K, 20 young (20480K), 3 survivors (3072K)
 Metaspace       used 8912K, committed 9152K, reserved 1114112K
  class space    used 996K, committed 1088K, reserved 1048576K

Heap Regions: E=young(eden), S=young(survivor), O=old, HS=humongous(starts), HC=humongous(continues), CS=collection set, F=free, TAMS=top-at-mark-start, PB=parsable bottom
|   0|0x0000000084000000, 0x0000000084100000, 0x0000000084100000|100%| O|  |TAMS 0x0000000084000000| PB 0x0000000084000000| Untracked 
|   1|0x0000000084100000, 0x0000000084130000, 0x0000000084200000| 18%| O|  |TAMS 0x0000000084100000| PB 0x0000000084100000| Untracked 
|   2|0x0000000084200000, 0x0000000084200000, 0x0000000084300000|  0%| F|  |TAMS 0x0000000084200000| PB 0x0000000084200000| Untracked 
|   3|0x0000000084300000, 0x0000000084300000, 0x0000000084400000|  0%| F|  |TAMS 0x0000000084300000| PB 0x0000000084300000| Untracked 
|   4|0x0000000084400000, 0x0000000084400000, 0x0000000084500000|  0%| F|  |TAMS 0x0000000084400000| PB 0x0000000084400000| Untracked 
|   5|0x0000000084500000, 0x0000000084500000, 0x0000000084600000|  0%| F|  |TAMS 0x0000000084500000| PB 0x0000000084500000| Untracked 
|   6|0x0000000084600000, 0x0000000084600000, 0x0000000084700000|  0%| F|  |TAMS 0x0000000084600000| PB 0x0000000084600000| Untracked 
|   7|0x0000000084700000, 0x0000000084700000, 0x0000000084800000|  0%| F|  |TAMS 0x0000000084700000| PB 0x0000000084700000| Untracked 
|   8|0x0000000084800000, 0x0000000084800000, 0x0000000084900000|  0%| F|  |TAMS 0x0000000084800000| PB 0x0000000084800000| Untracked 
|   9|0x0000000084900000, 0x0000000084900000, 0x0000000084a00000|  0%| F|  |TAMS 0x0000000084900000| PB 0x0000000084900000| Untracked 
|  10|0x0000000084a00000, 0x0000000084a00000, 0x0000000084b00000|  0%| F|  |TAMS 0x0000000084a00000| PB 0x0000000084a00000| Untracked 
|  11|0x0000000084b00000, 0x0000000084b00000, 0x0000000084c00000|  0%| F|  |TAMS 0x0000000084b00000| PB 0x0000000084b00000| Untracked 
|  12|0x0000000084c00000, 0x0000000084c00000, 0x0000000084d00000|  0%| F|  |TAMS 0x0000000084c00000| PB 0x0000000084c00000| Untracked 
|  13|0x0000000084d00000, 0x0000000084d00000, 0x0000000084e00000|  0%| F|  |TAMS 0x0000000084d00000| PB 0x0000000084d00000| Untracked 
|  14|0x0000000084e00000, 0x0000000084e00000, 0x0000000084f00000|  0%| F|  |TAMS 0x0000000084e00000| PB 0x0000000084e00000| Untracked 
|  15|0x0000000084f00000, 0x0000000084f00000, 0x0000000085000000|  0%| F|  |TAMS 0x0000000084f00000| PB 0x0000000084f00000| Untracked 
|  16|0x0000000085000000, 0x0000000085000000, 0x0000000085100000|  0%| F|  |TAMS 0x0000000085000000| PB 0x0000000085000000| Untracked 
|  17|0x0000000085100000, 0x0000000085100000, 0x0000000085200000|  0%| F|  |TAMS 0x0000000085100000| PB 0x0000000085100000| Untracked 
|  18|0x0000000085200000, 0x0000000085200000, 0x0000000085300000|  0%| F|  |TAMS 0x0000000085200000| PB 0x0000000085200000| Untracked 
|  19|0x0000000085300000, 0x0000000085300000, 0x0000000085400000|  0%| F|  |TAMS 0x0000000085300000| PB 0x0000000085300000| Untracked 
|  20|0x0000000085400000, 0x0000000085400000, 0x0000000085500000|  0%| F|  |TAMS 0x0000000085400000| PB 0x0000000085400000| Untracked 
|  21|0x0000000085500000, 0x0000000085500000, 0x0000000085600000|  0%| F|  |TAMS 0x0000000085500000| PB 0x0000000085500000| Untracked 
|  22|0x0000000085600000, 0x0000000085600000, 0x0000000085700000|  0%| F|  |TAMS 0x0000000085600000| PB 0x0000000085600000| Untracked 
|  23|0x0000000085700000, 0x0000000085700000, 0x0000000085800000|  0%| F|  |TAMS 0x0000000085700000| PB 0x0000000085700000| Untracked 
|  24|0x0000000085800000, 0x0000000085800000, 0x0000000085900000|  0%| F|  |TAMS 0x0000000085800000| PB 0x0000000085800000| Untracked 
|  25|0x0000000085900000, 0x0000000085900000, 0x0000000085a00000|  0%| F|  |TAMS 0x0000000085900000| PB 0x0000000085900000| Untracked 
|  26|0x0000000085a00000, 0x0000000085a00000, 0x0000000085b00000|  0%| F|  |TAMS 0x0000000085a00000| PB 0x0000000085a00000| Untracked 
|  27|0x0000000085b00000, 0x0000000085b00000, 0x0000000085c00000|  0%| F|  |TAMS 0x0000000085b00000| PB 0x0000000085b00000| Untracked 
|  28|0x0000000085c00000, 0x0000000085c00000, 0x0000000085d00000|  0%| F|  |TAMS 0x0000000085c00000| PB 0x0000000085c00000| Untracked 
|  29|0x0000000085d00000, 0x0000000085d00000, 0x0000000085e00000|  0%| F|  |TAMS 0x0000000085d00000| PB 0x0000000085d00000| Untracked 
|  30|0x0000000085e00000, 0x0000000085e00000, 0x0000000085f00000|  0%| F|  |TAMS 0x0000000085e00000| PB 0x0000000085e00000| Untracked 
|  31|0x0000000085f00000, 0x0000000085f00000, 0x0000000086000000|  0%| F|  |TAMS 0x0000000085f00000| PB 0x0000000085f00000| Untracked 
|  32|0x0000000086000000, 0x0000000086000000, 0x0000000086100000|  0%| F|  |TAMS 0x0000000086000000| PB 0x0000000086000000| Untracked 
|  33|0x0000000086100000, 0x0000000086100000, 0x0000000086200000|  0%| F|  |TAMS 0x0000000086100000| PB 0x0000000086100000| Untracked 
|  34|0x0000000086200000, 0x0000000086200000, 0x0000000086300000|  0%| F|  |TAMS 0x0000000086200000| PB 0x0000000086200000| Untracked 
|  35|0x0000000086300000, 0x0000000086300000, 0x0000000086400000|  0%| F|  |TAMS 0x0000000086300000| PB 0x0000000086300000| Untracked 
|  36|0x0000000086400000, 0x0000000086400000, 0x0000000086500000|  0%| F|  |TAMS 0x0000000086400000| PB 0x0000000086400000| Untracked 
|  37|0x0000000086500000, 0x0000000086500000, 0x0000000086600000|  0%| F|  |TAMS 0x0000000086500000| PB 0x0000000086500000| Untracked 
|  38|0x0000000086600000, 0x0000000086600000, 0x0000000086700000|  0%| F|  |TAMS 0x0000000086600000| PB 0x0000000086600000| Untracked 
|  39|0x0000000086700000, 0x0000000086700000, 0x0000000086800000|  0%| F|  |TAMS 0x0000000086700000| PB 0x0000000086700000| Untracked 
|  40|0x0000000086800000, 0x0000000086800000, 0x0000000086900000|  0%| F|  |TAMS 0x0000000086800000| PB 0x0000000086800000| Untracked 
|  41|0x0000000086900000, 0x0000000086900000, 0x0000000086a00000|  0%| F|  |TAMS 0x0000000086900000| PB 0x0000000086900000| Untracked 
|  42|0x0000000086a00000, 0x0000000086a00000, 0x0000000086b00000|  0%| F|  |TAMS 0x0000000086a00000| PB 0x0000000086a00000| Untracked 
|  43|0x0000000086b00000, 0x0000000086b00000, 0x0000000086c00000|  0%| F|  |TAMS 0x0000000086b00000| PB 0x0000000086b00000| Untracked 
|  44|0x0000000086c00000, 0x0000000086c00000, 0x0000000086d00000|  0%| F|  |TAMS 0x0000000086c00000| PB 0x0000000086c00000| Untracked 
|  45|0x0000000086d00000, 0x0000000086d00000, 0x0000000086e00000|  0%| F|  |TAMS 0x0000000086d00000| PB 0x0000000086d00000| Untracked 
|  46|0x0000000086e00000, 0x0000000086e00000, 0x0000000086f00000|  0%| F|  |TAMS 0x0000000086e00000| PB 0x0000000086e00000| Untracked 
|  47|0x0000000086f00000, 0x0000000086f00000, 0x0000000087000000|  0%| F|  |TAMS 0x0000000086f00000| PB 0x0000000086f00000| Untracked 
|  48|0x0000000087000000, 0x0000000087000000, 0x0000000087100000|  0%| F|  |TAMS 0x0000000087000000| PB 0x0000000087000000| Untracked 
|  49|0x0000000087100000, 0x0000000087100000, 0x0000000087200000|  0%| F|  |TAMS 0x0000000087100000| PB 0x0000000087100000| Untracked 
|  50|0x0000000087200000, 0x0000000087200000, 0x0000000087300000|  0%| F|  |TAMS 0x0000000087200000| PB 0x0000000087200000| Untracked 
|  51|0x0000000087300000, 0x0000000087300000, 0x0000000087400000|  0%| F|  |TAMS 0x0000000087300000| PB 0x0000000087300000| Untracked 
|  52|0x0000000087400000, 0x0000000087400000, 0x0000000087500000|  0%| F|  |TAMS 0x0000000087400000| PB 0x0000000087400000| Untracked 
|  53|0x0000000087500000, 0x0000000087500000, 0x0000000087600000|  0%| F|  |TAMS 0x0000000087500000| PB 0x0000000087500000| Untracked 
|  54|0x0000000087600000, 0x0000000087600000, 0x0000000087700000|  0%| F|  |TAMS 0x0000000087600000| PB 0x0000000087600000| Untracked 
|  55|0x0000000087700000, 0x0000000087700000, 0x0000000087800000|  0%| F|  |TAMS 0x0000000087700000| PB 0x0000000087700000| Untracked 
|  56|0x0000000087800000, 0x0000000087800000, 0x0000000087900000|  0%| F|  |TAMS 0x0000000087800000| PB 0x0000000087800000| Untracked 
|  57|0x0000000087900000, 0x0000000087900000, 0x0000000087a00000|  0%| F|  |TAMS 0x0000000087900000| PB 0x0000000087900000| Untracked 
|  58|0x0000000087a00000, 0x0000000087a00000, 0x0000000087b00000|  0%| F|  |TAMS 0x0000000087a00000| PB 0x0000000087a00000| Untracked 
|  59|0x0000000087b00000, 0x0000000087b00000, 0x0000000087c00000|  0%| F|  |TAMS 0x0000000087b00000| PB 0x0000000087b00000| Untracked 
|  60|0x0000000087c00000, 0x0000000087c00000, 0x0000000087d00000|  0%| F|  |TAMS 0x0000000087c00000| PB 0x0000000087c00000| Untracked 
|  61|0x0000000087d00000, 0x0000000087d00000, 0x0000000087e00000|  0%| F|  |TAMS 0x0000000087d00000| PB 0x0000000087d00000| Untracked 
|  62|0x0000000087e00000, 0x0000000087e00000, 0x0000000087f00000|  0%| F|  |TAMS 0x0000000087e00000| PB 0x0000000087e00000| Untracked 
|  63|0x0000000087f00000, 0x0000000087f00000, 0x0000000088000000|  0%| F|  |TAMS 0x0000000087f00000| PB 0x0000000087f00000| Untracked 
|  64|0x0000000088000000, 0x0000000088000000, 0x0000000088100000|  0%| F|  |TAMS 0x0000000088000000| PB 0x0000000088000000| Untracked 
|  65|0x0000000088100000, 0x0000000088100000, 0x0000000088200000|  0%| F|  |TAMS 0x0000000088100000| PB 0x0000000088100000| Untracked 
|  66|0x0000000088200000, 0x0000000088200000, 0x0000000088300000|  0%| F|  |TAMS 0x0000000088200000| PB 0x0000000088200000| Untracked 
|  67|0x0000000088300000, 0x0000000088300000, 0x0000000088400000|  0%| F|  |TAMS 0x0000000088300000| PB 0x0000000088300000| Untracked 
|  68|0x0000000088400000, 0x0000000088400000, 0x0000000088500000|  0%| F|  |TAMS 0x0000000088400000| PB 0x0000000088400000| Untracked 
|  69|0x0000000088500000, 0x0000000088500000, 0x0000000088600000|  0%| F|  |TAMS 0x0000000088500000| PB 0x0000000088500000| Untracked 
|  70|0x0000000088600000, 0x0000000088600000, 0x0000000088700000|  0%| F|  |TAMS 0x0000000088600000| PB 0x0000000088600000| Untracked 
|  71|0x0000000088700000, 0x0000000088700000, 0x0000000088800000|  0%| F|  |TAMS 0x0000000088700000| PB 0x0000000088700000| Untracked 
|  72|0x0000000088800000, 0x0000000088800000, 0x0000000088900000|  0%| F|  |TAMS 0x0000000088800000| PB 0x0000000088800000| Untracked 
|  73|0x0000000088900000, 0x0000000088900000, 0x0000000088a00000|  0%| F|  |TAMS 0x0000000088900000| PB 0x0000000088900000| Untracked 
|  74|0x0000000088a00000, 0x0000000088a00000, 0x0000000088b00000|  0%| F|  |TAMS 0x0000000088a00000| PB 0x0000000088a00000| Untracked 
|  75|0x0000000088b00000, 0x0000000088b00000, 0x0000000088c00000|  0%| F|  |TAMS 0x0000000088b00000| PB 0x0000000088b00000| Untracked 
|  76|0x0000000088c00000, 0x0000000088c00000, 0x0000000088d00000|  0%| F|  |TAMS 0x0000000088c00000| PB 0x0000000088c00000| Untracked 
|  77|0x0000000088d00000, 0x0000000088d00000, 0x0000000088e00000|  0%| F|  |TAMS 0x0000000088d00000| PB 0x0000000088d00000| Untracked 
|  78|0x0000000088e00000, 0x0000000088e00000, 0x0000000088f00000|  0%| F|  |TAMS 0x0000000088e00000| PB 0x0000000088e00000| Untracked 
|  79|0x0000000088f00000, 0x0000000088f00000, 0x0000000089000000|  0%| F|  |TAMS 0x0000000088f00000| PB 0x0000000088f00000| Untracked 
|  80|0x0000000089000000, 0x0000000089000000, 0x0000000089100000|  0%| F|  |TAMS 0x0000000089000000| PB 0x0000000089000000| Untracked 
|  81|0x0000000089100000, 0x0000000089100000, 0x0000000089200000|  0%| F|  |TAMS 0x0000000089100000| PB 0x0000000089100000| Untracked 
|  82|0x0000000089200000, 0x0000000089200000, 0x0000000089300000|  0%| F|  |TAMS 0x0000000089200000| PB 0x0000000089200000| Untracked 
|  83|0x0000000089300000, 0x0000000089300000, 0x0000000089400000|  0%| F|  |TAMS 0x0000000089300000| PB 0x0000000089300000| Untracked 
|  84|0x0000000089400000, 0x0000000089400000, 0x0000000089500000|  0%| F|  |TAMS 0x0000000089400000| PB 0x0000000089400000| Untracked 
|  85|0x0000000089500000, 0x0000000089500000, 0x0000000089600000|  0%| F|  |TAMS 0x0000000089500000| PB 0x0000000089500000| Untracked 
|  86|0x0000000089600000, 0x0000000089600000, 0x0000000089700000|  0%| F|  |TAMS 0x0000000089600000| PB 0x0000000089600000| Untracked 
|  87|0x0000000089700000, 0x0000000089700000, 0x0000000089800000|  0%| F|  |TAMS 0x0000000089700000| PB 0x0000000089700000| Untracked 
|  88|0x0000000089800000, 0x0000000089800000, 0x0000000089900000|  0%| F|  |TAMS 0x0000000089800000| PB 0x0000000089800000| Untracked 
|  89|0x0000000089900000, 0x0000000089900000, 0x0000000089a00000|  0%| F|  |TAMS 0x0000000089900000| PB 0x0000000089900000| Untracked 
|  90|0x0000000089a00000, 0x0000000089a00000, 0x0000000089b00000|  0%| F|  |TAMS 0x0000000089a00000| PB 0x0000000089a00000| Untracked 
|  91|0x0000000089b00000, 0x0000000089b00000, 0x0000000089c00000|  0%| F|  |TAMS 0x0000000089b00000| PB 0x0000000089b00000| Untracked 
|  92|0x0000000089c00000, 0x0000000089c00000, 0x0000000089d00000|  0%| F|  |TAMS 0x0000000089c00000| PB 0x0000000089c00000| Untracked 
|  93|0x0000000089d00000, 0x0000000089d00000, 0x0000000089e00000|  0%| F|  |TAMS 0x0000000089d00000| PB 0x0000000089d00000| Untracked 
|  94|0x0000000089e00000, 0x0000000089e00000, 0x0000000089f00000|  0%| F|  |TAMS 0x0000000089e00000| PB 0x0000000089e00000| Untracked 
|  95|0x0000000089f00000, 0x0000000089f00000, 0x000000008a000000|  0%| F|  |TAMS 0x0000000089f00000| PB 0x0000000089f00000| Untracked 
|  96|0x000000008a000000, 0x000000008a000000, 0x000000008a100000|  0%| F|  |TAMS 0x000000008a000000| PB 0x000000008a000000| Untracked 
|  97|0x000000008a100000, 0x000000008a100000, 0x000000008a200000|  0%| F|  |TAMS 0x000000008a100000| PB 0x000000008a100000| Untracked 
|  98|0x000000008a200000, 0x000000008a300000, 0x000000008a300000|100%| S|CS|TAMS 0x000000008a200000| PB 0x000000008a200000| Complete 
|  99|0x000000008a300000, 0x000000008a400000, 0x000000008a400000|100%| S|CS|TAMS 0x000000008a300000| PB 0x000000008a300000| Complete 
| 100|0x000000008a400000, 0x000000008a500000, 0x000000008a500000|100%| S|CS|TAMS 0x000000008a400000| PB 0x000000008a400000| Complete 
| 101|0x000000008a500000, 0x000000008a500000, 0x000000008a600000|  0%| F|  |TAMS 0x000000008a500000| PB 0x000000008a500000| Untracked 
| 102|0x000000008a600000, 0x000000008a600000, 0x000000008a700000|  0%| F|  |TAMS 0x000000008a600000| PB 0x000000008a600000| Untracked 
| 103|0x000000008a700000, 0x000000008a700000, 0x000000008a800000|  0%| F|  |TAMS 0x000000008a700000| PB 0x000000008a700000| Untracked 
| 104|0x000000008a800000, 0x000000008a800000, 0x000000008a900000|  0%| F|  |TAMS 0x000000008a800000| PB 0x000000008a800000| Untracked 
| 105|0x000000008a900000, 0x000000008a900000, 0x000000008aa00000|  0%| F|  |TAMS 0x000000008a900000| PB 0x000000008a900000| Untracked 
| 106|0x000000008aa00000, 0x000000008aa00000, 0x000000008ab00000|  0%| F|  |TAMS 0x000000008aa00000| PB 0x000000008aa00000| Untracked 
| 107|0x000000008ab00000, 0x000000008abd3938, 0x000000008ac00000| 82%| E|  |TAMS 0x000000008ab00000| PB 0x000000008ab00000| Complete 
| 108|0x000000008ac00000, 0x000000008ad00000, 0x000000008ad00000|100%| E|CS|TAMS 0x000000008ac00000| PB 0x000000008ac00000| Complete 
| 109|0x000000008ad00000, 0x000000008ae00000, 0x000000008ae00000|100%| E|CS|TAMS 0x000000008ad00000| PB 0x000000008ad00000| Complete 
| 110|0x000000008ae00000, 0x000000008af00000, 0x000000008af00000|100%| E|CS|TAMS 0x000000008ae00000| PB 0x000000008ae00000| Complete 
| 111|0x000000008af00000, 0x000000008b000000, 0x000000008b000000|100%| E|CS|TAMS 0x000000008af00000| PB 0x000000008af00000| Complete 
| 112|0x000000008b000000, 0x000000008b100000, 0x000000008b100000|100%| E|CS|TAMS 0x000000008b000000| PB 0x000000008b000000| Complete 
| 113|0x000000008b100000, 0x000000008b200000, 0x000000008b200000|100%| E|CS|TAMS 0x000000008b100000| PB 0x000000008b100000| Complete 
| 114|0x000000008b200000, 0x000000008b300000, 0x000000008b300000|100%| E|CS|TAMS 0x000000008b200000| PB 0x000000008b200000| Complete 
| 115|0x000000008b300000, 0x000000008b400000, 0x000000008b400000|100%| E|CS|TAMS 0x000000008b300000| PB 0x000000008b300000| Complete 
| 116|0x000000008b400000, 0x000000008b500000, 0x000000008b500000|100%| E|CS|TAMS 0x000000008b400000| PB 0x000000008b400000| Complete 
| 117|0x000000008b500000, 0x000000008b600000, 0x000000008b600000|100%| E|CS|TAMS 0x000000008b500000| PB 0x000000008b500000| Complete 
| 118|0x000000008b600000, 0x000000008b700000, 0x000000008b700000|100%| E|CS|TAMS 0x000000008b600000| PB 0x000000008b600000| Complete 
| 119|0x000000008b700000, 0x000000008b800000, 0x000000008b800000|100%| E|CS|TAMS 0x000000008b700000| PB 0x000000008b700000| Complete 
| 120|0x000000008b800000, 0x000000008b900000, 0x000000008b900000|100%| E|CS|TAMS 0x000000008b800000| PB 0x000000008b800000| Complete 
| 121|0x000000008b900000, 0x000000008ba00000, 0x000000008ba00000|100%| E|CS|TAMS 0x000000008b900000| PB 0x000000008b900000| Complete 
| 122|0x000000008ba00000, 0x000000008bb00000, 0x000000008bb00000|100%| E|CS|TAMS 0x000000008ba00000| PB 0x000000008ba00000| Complete 
| 123|0x000000008bb00000, 0x000000008bc00000, 0x000000008bc00000|100%| E|CS|TAMS 0x000000008bb00000| PB 0x000000008bb00000| Complete 

Card table byte_map: [0x000001f63a890000,0x000001f63ac70000] _byte_map_base: 0x000001f63a470000

Marking Bits: (CMBitMap*) 0x000001f622d504f0
 Bits: [0x000001f63ac70000, 0x000001f63cb70000)

Polling page: 0x000001f620b80000

Metaspace:

Usage:
  Non-class:      7.74 MB used.
      Class:    996.86 KB used.
       Both:      8.71 MB used.

Virtual space:
  Non-class space:       64.00 MB reserved,       7.88 MB ( 12%) committed,  1 nodes.
      Class space:        1.00 GB reserved,       1.06 MB ( <1%) committed,  1 nodes.
             Both:        1.06 GB reserved,       8.94 MB ( <1%) committed. 

Chunk freelists:
   Non-Class:  8.11 MB
       Class:  14.81 MB
        Both:  22.92 MB

MaxMetaspaceSize: unlimited
CompressedClassSpaceSize: 1.00 GB
Initial GC threshold: 21.00 MB
Current GC threshold: 21.00 MB
CDS: on
 - commit_granule_bytes: 65536.
 - commit_granule_words: 8192.
 - virtual_space_node_default_size: 8388608.
 - enlarge_chunks_in_place: 1.
 - use_allocation_guard: 0.


Internal statistics:

num_allocs_failed_limit: 0.
num_arena_births: 64.
num_arena_deaths: 0.
num_vsnodes_births: 2.
num_vsnodes_deaths: 0.
num_space_committed: 143.
num_space_uncommitted: 0.
num_chunks_returned_to_freelist: 0.
num_chunks_taken_from_freelist: 275.
num_chunk_merges: 0.
num_chunk_splits: 186.
num_chunks_enlarged: 154.
num_inconsistent_stats: 0.

CodeHeap 'non-profiled nmethods': size=120000Kb used=712Kb max_used=712Kb free=119287Kb
 bounds [0x000001f632c50000, 0x000001f632ec0000, 0x000001f63a180000]
CodeHeap 'profiled nmethods': size=120000Kb used=3068Kb max_used=3068Kb free=116932Kb
 bounds [0x000001f62b180000, 0x000001f62b480000, 0x000001f6326b0000]
CodeHeap 'non-nmethods': size=5760Kb used=1534Kb max_used=1564Kb free=4225Kb
 bounds [0x000001f6326b0000, 0x000001f632920000, 0x000001f632c50000]
 total_blobs=2144 nmethods=1653 adapters=396
 compilation: enabled
              stopped_count=0, restarted_count=0
 full_count=0

Compilation events (20 events):
Event: 11.806 Thread 0x000001f63f5e8bf0 nmethod 1618 0x000001f62b46ab10 code [0x000001f62b46ad00, 0x000001f62b46afa0]
Event: 11.806 Thread 0x000001f63f5e8bf0 1619       3       java.lang.Math::multiplyExact (74 bytes)
Event: 11.806 Thread 0x000001f63f5e8bf0 nmethod 1619 0x000001f62b46b110 code [0x000001f62b46b2e0, 0x000001f62b46b7f8]
Event: 11.806 Thread 0x000001f63f5e8bf0 1620       3       java.lang.Long::<init> (10 bytes)
Event: 11.806 Thread 0x000001f63f5e8bf0 nmethod 1620 0x000001f62b46b990 code [0x000001f62b46bb40, 0x000001f62b46bd08]
Event: 11.808 Thread 0x000001f63f5e8bf0 1621       3       java.lang.ClassLoader::getResource (41 bytes)
Event: 11.809 Thread 0x000001f63f5e8bf0 nmethod 1621 0x000001f62b46be10 code [0x000001f62b46c020, 0x000001f62b46c630]
Event: 11.809 Thread 0x000001f63f5e8bf0 1622       3       jdk.internal.loader.BuiltinClassLoader::findResourceOnClassPath (41 bytes)
Event: 11.809 Thread 0x000001f63f5e8bf0 nmethod 1622 0x000001f62b46c810 code [0x000001f62b46c9e0, 0x000001f62b46cdd0]
Event: 11.809 Thread 0x000001f63f5e8bf0 1623       3       jdk.internal.loader.BuiltinClassLoader::checkURL (5 bytes)
Event: 11.809 Thread 0x000001f6855039e0 nmethod 1615 0x000001f632cff310 code [0x000001f632cff4c0, 0x000001f632cff928]
Event: 11.809 Thread 0x000001f63f5e8bf0 nmethod 1623 0x000001f62b46cf10 code [0x000001f62b46d0c0, 0x000001f62b46d2b0]
Event: 11.810 Thread 0x000001f63f5e8bf0 1624       3       com.google.common.cache.LocalCache::expiresAfterWrite (15 bytes)
Event: 11.810 Thread 0x000001f63f5e8bf0 nmethod 1624 0x000001f62b46d390 code [0x000001f62b46d520, 0x000001f62b46d690]
Event: 11.810 Thread 0x000001f63f5e6150 1625       4       jdk.internal.loader.BuiltinClassLoader::moduleReaderFor (45 bytes)
Event: 11.812 Thread 0x000001f63f5e8bf0 1626       3       sun.reflect.generics.parser.SignatureParser::mark (9 bytes)
Event: 11.812 Thread 0x000001f63f5e8bf0 nmethod 1626 0x000001f62b46d710 code [0x000001f62b46d8a0, 0x000001f62b46d9b0]
Event: 11.812 Thread 0x000001f63f5e8bf0 1627       3       sun.reflect.generics.parser.SignatureParser::markToCurrent (16 bytes)
Event: 11.812 Thread 0x000001f63f5e8bf0 nmethod 1627 0x000001f62b46da10 code [0x000001f62b46dbc0, 0x000001f62b46dd10]
Event: 11.812 Thread 0x000001f6855039e0 1628       4       jdk.internal.jimage.BasicImageReader::getLocationIndex (52 bytes)

GC Heap History (2 events):
Event: 9.414 GC heap before
{Heap before GC invocations=0 (full 0):
 garbage-first heap   total 126976K, used 23552K [0x0000000084000000, 0x0000000100000000)
  region size 1024K, 23 young (23552K), 0 survivors (0K)
 Metaspace       used 7473K, committed 7616K, reserved 1114112K
  class space    used 832K, committed 896K, reserved 1048576K
}
Event: 9.422 GC heap after
{Heap after GC invocations=1 (full 0):
 garbage-first heap   total 126976K, used 4288K [0x0000000084000000, 0x0000000100000000)
  region size 1024K, 3 young (3072K), 3 survivors (3072K)
 Metaspace       used 7473K, committed 7616K, reserved 1114112K
  class space    used 832K, committed 896K, reserved 1048576K
}

Dll operation events (8 events):
Event: 0.010 Loaded shared library C:\Program Files\Java\jdk-21\bin\java.dll
Event: 0.062 Loaded shared library C:\Program Files\Java\jdk-21\bin\jsvml.dll
Event: 0.085 Loaded shared library C:\Program Files\Java\jdk-21\bin\net.dll
Event: 0.089 Loaded shared library C:\Program Files\Java\jdk-21\bin\nio.dll
Event: 0.095 Loaded shared library C:\Program Files\Java\jdk-21\bin\zip.dll
Event: 1.480 Loaded shared library C:\Program Files\Java\jdk-21\bin\jimage.dll
Event: 1.498 Loaded shared library C:\Users\suraj\AppData\Local\Temp\jansi-2.4.1-cd1e769d205f14e2-jansi.dll
Event: 5.826 Loaded shared library C:\Program Files\Java\jdk-21\bin\verify.dll

Deoptimization events (20 events):
Event: 9.427 Thread 0x000001f620a32b80 DEOPT PACKING pc=0x000001f632cbbc00 sp=0x0000003448afded0
Event: 9.427 Thread 0x000001f620a32b80 DEOPT UNPACKING pc=0x000001f632707da2 sp=0x0000003448afda50 mode 2
Event: 9.505 Thread 0x000001f620a32b80 Uncommon trap: trap_request=0xffffff45 fr.pc=0x000001f632cc2088 relative=0x0000000000001788
Event: 9.506 Thread 0x000001f620a32b80 Uncommon trap: reason=unstable_if action=reinterpret pc=0x000001f632cc2088 method=sun.nio.cs.StreamDecoder.lockedRead0()I @ 30 c2
Event: 9.506 Thread 0x000001f620a32b80 DEOPT PACKING pc=0x000001f632cc2088 sp=0x0000003448afdcd0
Event: 9.506 Thread 0x000001f620a32b80 DEOPT UNPACKING pc=0x000001f632707da2 sp=0x0000003448afdbc8 mode 2
Event: 9.506 Thread 0x000001f620a32b80 Uncommon trap: trap_request=0xffffff45 fr.pc=0x000001f632ccae58 relative=0x0000000000002b58
Event: 9.506 Thread 0x000001f620a32b80 Uncommon trap: reason=unstable_if action=reinterpret pc=0x000001f632ccae58 method=sun.nio.cs.StreamDecoder.implRead([CII)I @ 186 c2
Event: 9.506 Thread 0x000001f620a32b80 DEOPT PACKING pc=0x000001f632ccae58 sp=0x0000003448afde10
Event: 9.506 Thread 0x000001f620a32b80 DEOPT UNPACKING pc=0x000001f632707da2 sp=0x0000003448afda30 mode 2
Event: 10.528 Thread 0x000001f620a32b80 Uncommon trap: trap_request=0xffffff45 fr.pc=0x000001f632cd0200 relative=0x0000000000000b20
Event: 10.529 Thread 0x000001f620a32b80 Uncommon trap: reason=unstable_if action=reinterpret pc=0x000001f632cd0200 method=org.codehaus.plexus.util.xml.pull.MXParser.nextImpl()I @ 241 c2
Event: 10.529 Thread 0x000001f620a32b80 DEOPT PACKING pc=0x000001f632cd0200 sp=0x0000003448afe420
Event: 10.529 Thread 0x000001f620a32b80 DEOPT UNPACKING pc=0x000001f632707da2 sp=0x0000003448afe3b0 mode 2
Event: 11.749 Thread 0x000001f620a32b80 Uncommon trap: trap_request=0xffffff45 fr.pc=0x000001f632cf47f0 relative=0x0000000000000810
Event: 11.749 Thread 0x000001f620a32b80 Uncommon trap: reason=unstable_if action=reinterpret pc=0x000001f632cf47f0 method=java.lang.String.<init>([CIILjava/lang/Void;)V @ 5 c2
Event: 11.749 Thread 0x000001f620a32b80 DEOPT PACKING pc=0x000001f632cf47f0 sp=0x0000003448afdfd0
Event: 11.749 Thread 0x000001f620a32b80 DEOPT UNPACKING pc=0x000001f632707da2 sp=0x0000003448afde70 mode 2
Event: 11.779 Thread 0x000001f620a32b80 DEOPT PACKING pc=0x000001f62b22f3a7 sp=0x0000003448afe190
Event: 11.779 Thread 0x000001f620a32b80 DEOPT UNPACKING pc=0x000001f6327088e2 sp=0x0000003448afd600 mode 0

Classes loaded (20 events):
Event: 10.541 Loading class sun/reflect/generics/reflectiveObjects/ParameterizedTypeImpl
Event: 10.542 Loading class sun/reflect/generics/reflectiveObjects/ParameterizedTypeImpl done
Event: 11.622 Loading class java/lang/ArrayIndexOutOfBoundsException
Event: 11.622 Loading class java/lang/ArrayIndexOutOfBoundsException done
Event: 11.675 Loading class jdk/internal/event/EventHelper$ThreadTrackHolder
Event: 11.675 Loading class jdk/internal/event/EventHelper$ThreadTrackHolder done
Event: 11.675 Loading class jdk/internal/logger/LazyLoggers
Event: 11.675 Loading class jdk/internal/logger/LazyLoggers done
Event: 11.676 Loading class jdk/internal/logger/LazyLoggers$1
Event: 11.676 Loading class jdk/internal/logger/LazyLoggers$1 done
Event: 11.676 Loading class jdk/internal/logger/LazyLoggers$LazyLoggerFactories
Event: 11.676 Loading class jdk/internal/logger/LazyLoggers$LazyLoggerFactories done
Event: 11.677 Loading class jdk/internal/logger/LoggerFinderLoader
Event: 11.677 Loading class jdk/internal/logger/LoggerFinderLoader done
Event: 11.677 Loading class jdk/internal/logger/LoggerFinderLoader$TemporaryLoggerFinder
Event: 11.677 Loading class jdk/internal/logger/LoggerFinderLoader$TemporaryLoggerFinder done
Event: 11.678 Loading class sun/util/logging/internal/LoggingProviderImpl$JULWrapper
Event: 11.678 Loading class sun/util/logging/PlatformLogger$ConfigurableBridge$LoggerConfiguration
Event: 11.678 Loading class sun/util/logging/PlatformLogger$ConfigurableBridge$LoggerConfiguration done
Event: 11.678 Loading class sun/util/logging/internal/LoggingProviderImpl$JULWrapper done

Classes unloaded (0 events):
No events

Classes redefined (0 events):
No events

Internal exceptions (20 events):
Event: 1.502 Thread 0x000001f620a32b80 Exception <a 'java/lang/NullPointerException'{0x000000008b7d2d10}> (0x000000008b7d2d10) 
thrown [s\open\src\hotspot\share\interpreter\linkResolver.cpp, line 1372]
Event: 1.503 Thread 0x000001f620a32b80 Exception <a 'java/lang/NullPointerException'{0x000000008b7e5ee0}> (0x000000008b7e5ee0) 
thrown [s\open\src\hotspot\share\interpreter\linkResolver.cpp, line 1372]
Event: 1.503 Thread 0x000001f620a32b80 Exception <a 'java/lang/NullPointerException'{0x000000008b7e61c0}> (0x000000008b7e61c0) 
thrown [s\open\src\hotspot\share\interpreter\linkResolver.cpp, line 1372]
Event: 1.503 Thread 0x000001f620a32b80 Exception <a 'java/lang/NullPointerException'{0x000000008b7e64a0}> (0x000000008b7e64a0) 
thrown [s\open\src\hotspot\share\interpreter\linkResolver.cpp, line 1372]
Event: 1.503 Thread 0x000001f620a32b80 Exception <a 'java/lang/NullPointerException'{0x000000008b7e6780}> (0x000000008b7e6780) 
thrown [s\open\src\hotspot\share\interpreter\linkResolver.cpp, line 1372]
Event: 2.551 Thread 0x000001f620a32b80 Exception <a 'java/lang/NoSuchMethodError'{0x000000008b6efa50}: 'void java.lang.invoke.DirectMethodHandle$Holder.invokeStatic(java.lang.Object, java.lang.Object)'> (0x000000008b6efa50) 
thrown [s\open\src\hotspot\share\interpreter\linkResolver.cpp, line 773]
Event: 2.551 Thread 0x000001f620a32b80 Exception <a 'java/lang/NoSuchMethodError'{0x000000008b6f2e30}: 'void java.lang.invoke.DirectMethodHandle$Holder.invokeStaticInit(java.lang.Object, java.lang.Object)'> (0x000000008b6f2e30) 
thrown [s\open\src\hotspot\share\interpreter\linkResolver.cpp, line 773]
Event: 2.567 Thread 0x000001f620a32b80 Exception <a 'java/lang/NoSuchMethodError'{0x000000008b539fb8}: 'void java.lang.invoke.DirectMethodHandle$Holder.invokeStatic(java.lang.Object, java.lang.Object, java.lang.Object)'> (0x000000008b539fb8) 
thrown [s\open\src\hotspot\share\interpreter\linkResolver.cpp, line 773]
Event: 2.632 Thread 0x000001f620a32b80 Exception <a 'java/lang/NullPointerException'{0x000000008b417560}> (0x000000008b417560) 
thrown [s\open\src\hotspot\share\interpreter\linkResolver.cpp, line 1372]
Event: 2.632 Thread 0x000001f620a32b80 Exception <a 'java/lang/NullPointerException'{0x000000008b41ddb8}> (0x000000008b41ddb8) 
thrown [s\open\src\hotspot\share\interpreter\linkResolver.cpp, line 1372]
Event: 2.678 Thread 0x000001f620a32b80 Exception <a 'java/lang/NoSuchMethodError'{0x000000008b4f9bf8}: 'java.lang.Object java.lang.invoke.DirectMethodHandle$Holder.invokeSpecialIFC(java.lang.Object, java.lang.Object, java.lang.Object, java.lang.Object)'> (0x000000008b4f9bf8) 
thrown [s\open\src\hotspot\share\interpreter\linkResolver.cpp, line 773]
Event: 2.727 Thread 0x000001f620a32b80 Exception <a 'java/lang/NoSuchMethodError'{0x000000008b3a8cc8}: 'void java.lang.invoke.DirectMethodHandle$Holder.invokeVirtual(java.lang.Object, java.lang.Object)'> (0x000000008b3a8cc8) 
thrown [s\open\src\hotspot\share\interpreter\linkResolver.cpp, line 773]
Event: 9.161 Thread 0x000001f620a32b80 Exception <a 'java/lang/NoSuchMethodError'{0x000000008ac875d0}: 'void java.lang.invoke.DirectMethodHandle$Holder.invokeSpecial(java.lang.Object, java.lang.Object, java.lang.Object)'> (0x000000008ac875d0) 
thrown [s\open\src\hotspot\share\interpreter\linkResolver.cpp, line 773]
Event: 9.206 Thread 0x000001f620a32b80 Exception <a 'java/lang/NoSuchMethodError'{0x000000008abdb870}: 'java.lang.Object java.lang.invoke.DirectMethodHandle$Holder.invokeInterface(java.lang.Object, java.lang.Object)'> (0x000000008abdb870) 
thrown [s\open\src\hotspot\share\interpreter\linkResolver.cpp, line 773]
Event: 9.234 Thread 0x000001f620a32b80 Exception <a 'java/lang/NoSuchMethodError'{0x000000008aa78630}: 'int java.lang.invoke.DirectMethodHandle$Holder.invokeStatic(java.lang.Object, java.lang.Object, java.lang.Object, java.lang.Object)'> (0x000000008aa78630) 
thrown [s\open\src\hotspot\share\interpreter\linkResolver.cpp, line 773]
Event: 9.235 Thread 0x000001f620a32b80 Exception <a 'java/lang/NoSuchMethodError'{0x000000008aa7bcc0}: 'java.lang.Object java.lang.invoke.Invokers$Holder.invokeExact_MT(java.lang.Object, java.lang.Object, java.lang.Object, java.lang.Object, java.lang.Object, java.lang.Object)'> (0x000000008aa7bcc0) 
thrown [s\open\src\hotspot\share\interpreter\linkResolver.cpp, line 773]
Event: 9.238 Thread 0x000001f620a32b80 Exception <a 'java/lang/NoSuchMethodError'{0x000000008aa8dbd0}: 'int java.lang.invoke.DirectMethodHandle$Holder.invokeSpecialIFC(java.lang.Object, java.lang.Object, java.lang.Object, java.lang.Object, java.lang.Object)'> (0x000000008aa8dbd0) 
thrown [s\open\src\hotspot\share\interpreter\linkResolver.cpp, line 773]
Event: 9.311 Thread 0x000001f620a32b80 Exception <a 'java/lang/NoSuchMethodError'{0x000000008a818648}: 'java.lang.Object java.lang.invoke.DirectMethodHandle$Holder.newInvokeSpecial(java.lang.Object, java.lang.Object, java.lang.Object, java.lang.Object, java.lang.Object)'> (0x000000008a818648) 
thrown [s\open\src\hotspot\share\interpreter\linkResolver.cpp, line 773]
Event: 9.349 Thread 0x000001f620a32b80 Exception <a 'java/lang/NoSuchMethodError'{0x000000008a71b468}: 'int java.lang.invoke.DirectMethodHandle$Holder.invokeStaticInit(java.lang.Object, java.lang.Object)'> (0x000000008a71b468) 
thrown [s\open\src\hotspot\share\interpreter\linkResolver.cpp, line 773]
Event: 9.358 Thread 0x000001f620a32b80 Exception <a 'java/lang/NoClassDefFoundError'{0x000000008a750aa8}: javax/enterprise/inject/Typed> (0x000000008a750aa8) 
thrown [s\open\src\hotspot\share\classfile\systemDictionary.cpp, line 301]

ZGC Phase Switch (0 events):
No events

VM Operations (20 events):
Event: 2.484 Executing VM operation: Cleanup
Event: 2.545 Executing VM operation: Cleanup done
Event: 2.719 Executing VM operation: HandshakeAllThreads (Deoptimize)
Event: 2.719 Executing VM operation: HandshakeAllThreads (Deoptimize) done
Event: 3.726 Executing VM operation: Cleanup
Event: 3.773 Executing VM operation: Cleanup done
Event: 6.808 Executing VM operation: Cleanup
Event: 6.808 Executing VM operation: Cleanup done
Event: 8.919 Executing VM operation: HandshakeAllThreads (Deoptimize)
Event: 8.919 Executing VM operation: HandshakeAllThreads (Deoptimize) done
Event: 8.919 Executing VM operation: Cleanup
Event: 8.920 Executing VM operation: Cleanup done
Event: 9.414 Executing VM operation: G1CollectForAllocation (G1 Evacuation Pause)
Event: 9.422 Executing VM operation: G1CollectForAllocation (G1 Evacuation Pause) done
Event: 10.426 Executing VM operation: Cleanup
Event: 10.426 Executing VM operation: Cleanup done
Event: 11.438 Executing VM operation: Cleanup
Event: 11.438 Executing VM operation: Cleanup done
Event: 12.446 Executing VM operation: Cleanup
Event: 12.446 Executing VM operation: Cleanup done

Events (17 events):
Event: 0.025 Thread 0x000001f620a32b80 Thread added: 0x000001f620a32b80
Event: 0.048 Thread 0x000001f63f5c6a30 Thread added: 0x000001f63f5c6a30
Event: 0.048 Thread 0x000001f63f5c7480 Thread added: 0x000001f63f5c7480
Event: 0.048 Thread 0x000001f63f5d07e0 Thread added: 0x000001f63f5d07e0
Event: 0.048 Thread 0x000001f63f5d15e0 Thread added: 0x000001f63f5d15e0
Event: 0.048 Thread 0x000001f63f5d2030 Thread added: 0x000001f63f5d2030
Event: 0.048 Thread 0x000001f63f5d93a0 Thread added: 0x000001f63f5d93a0
Event: 0.049 Thread 0x000001f63f5e6150 Thread added: 0x000001f63f5e6150
Event: 0.049 Thread 0x000001f63f5e8bf0 Thread added: 0x000001f63f5e8bf0
Event: 0.077 Thread 0x000001f63f862820 Thread added: 0x000001f63f862820
Event: 0.080 Thread 0x000001f63f862eb0 Thread added: 0x000001f63f862eb0
Event: 1.479 Thread 0x000001f63f863540 Thread added: 0x000001f63f863540
Event: 1.490 Thread 0x000001f63f863540 Thread exited: 0x000001f63f863540
Event: 8.910 Thread 0x000001f6852f3d50 Thread added: 0x000001f6852f3d50
Event: 9.137 Thread 0x000001f6852f3d50 Thread exited: 0x000001f6852f3d50
Event: 9.377 Thread 0x000001f685236030 Thread added: 0x000001f685236030
Event: 9.392 Thread 0x000001f6855039e0 Thread added: 0x000001f6855039e0


Dynamic libraries:
0x00007ff741240000 - 0x00007ff741250000 	C:\Program Files\Java\jdk-21\bin\javaw.exe
0x00007ffb64180000 - 0x00007ffb643e6000 	C:\WINDOWS\SYSTEM32\ntdll.dll
0x00007ffb63110000 - 0x00007ffb631d9000 	C:\WINDOWS\System32\KERNEL32.DLL
0x00007ffb61a40000 - 0x00007ffb61e0c000 	C:\WINDOWS\System32\KERNELBASE.dll
0x00007ffb61740000 - 0x00007ffb6188b000 	C:\WINDOWS\System32\ucrtbase.dll
0x00007ffb597a0000 - 0x00007ffb597bb000 	C:\Program Files\Java\jdk-21\bin\VCRUNTIME140.dll
0x00007ffb59be0000 - 0x00007ffb59bf9000 	C:\Program Files\Java\jdk-21\bin\jli.dll
0x00007ffb63240000 - 0x00007ffb632f2000 	C:\WINDOWS\System32\ADVAPI32.dll
0x00007ffb63300000 - 0x00007ffb633a9000 	C:\WINDOWS\System32\msvcrt.dll
0x00007ffb63850000 - 0x00007ffb638f6000 	C:\WINDOWS\System32\sechost.dll
0x00007ffb63730000 - 0x00007ffb63846000 	C:\WINDOWS\System32\RPCRT4.dll
0x00007ffb62910000 - 0x00007ffb62ada000 	C:\WINDOWS\System32\USER32.dll
0x00007ffb4a770000 - 0x00007ffb4aa0a000 	C:\WINDOWS\WinSxS\amd64_microsoft.windows.common-controls_6595b64144ccf1df_6.0.26100.3912_none_3e07963ce335137e\COMCTL32.dll
0x00007ffb61a10000 - 0x00007ffb61a37000 	C:\WINDOWS\System32\win32u.dll
0x00007ffb64110000 - 0x00007ffb6413b000 	C:\WINDOWS\System32\GDI32.dll
0x00007ffb61480000 - 0x00007ffb615b2000 	C:\WINDOWS\System32\gdi32full.dll
0x00007ffb613d0000 - 0x00007ffb61473000 	C:\WINDOWS\System32\msvcp_win.dll
0x00007ffb5a0f0000 - 0x00007ffb5a0fb000 	C:\WINDOWS\SYSTEM32\VERSION.dll
0x00007ffb628d0000 - 0x00007ffb62900000 	C:\WINDOWS\System32\IMM32.DLL
0x00007ffb5db40000 - 0x00007ffb5db4c000 	C:\Program Files\Java\jdk-21\bin\vcruntime140_1.dll
0x00007ffb3bca0000 - 0x00007ffb3bd2e000 	C:\Program Files\Java\jdk-21\bin\msvcp140.dll
0x00007ffb10570000 - 0x00007ffb11288000 	C:\Program Files\Java\jdk-21\bin\server\jvm.dll
0x00007ffb62b70000 - 0x00007ffb62be4000 	C:\WINDOWS\System32\WS2_32.dll
0x00007ffb61160000 - 0x00007ffb611be000 	C:\WINDOWS\SYSTEM32\POWRPROF.dll
0x00007ffb510a0000 - 0x00007ffb510d6000 	C:\WINDOWS\SYSTEM32\WINMM.dll
0x00007ffb61140000 - 0x00007ffb61154000 	C:\WINDOWS\SYSTEM32\UMPDC.dll
0x00007ffb60090000 - 0x00007ffb600aa000 	C:\WINDOWS\SYSTEM32\kernel.appcore.dll
0x00007ffb5abf0000 - 0x00007ffb5abfa000 	C:\Program Files\Java\jdk-21\bin\jimage.dll
0x00007ffb5ea10000 - 0x00007ffb5ec51000 	C:\WINDOWS\SYSTEM32\DBGHELP.DLL
0x00007ffb62d80000 - 0x00007ffb63104000 	C:\WINDOWS\System32\combase.dll
0x00007ffb63590000 - 0x00007ffb63670000 	C:\WINDOWS\System32\OLEAUT32.dll
0x00007ffb495c0000 - 0x00007ffb495f9000 	C:\WINDOWS\SYSTEM32\dbgcore.DLL
0x00007ffb61ea0000 - 0x00007ffb61f39000 	C:\WINDOWS\System32\bcryptPrimitives.dll
0x00007ffb59780000 - 0x00007ffb5979f000 	C:\Program Files\Java\jdk-21\bin\java.dll
0x00007ffb621a0000 - 0x00007ffb628cd000 	C:\WINDOWS\System32\SHELL32.dll
0x00007ffb615c0000 - 0x00007ffb61734000 	C:\WINDOWS\System32\wintypes.dll
0x00007ffb5ef60000 - 0x00007ffb5f7b6000 	C:\WINDOWS\SYSTEM32\windows.storage.dll
0x00007ffb62c80000 - 0x00007ffb62d6f000 	C:\WINDOWS\System32\SHCORE.dll
0x00007ffb62ae0000 - 0x00007ffb62b49000 	C:\WINDOWS\System32\shlwapi.dll
0x00007ffb61220000 - 0x00007ffb6124f000 	C:\WINDOWS\SYSTEM32\profapi.dll
0x00007ffb2ac10000 - 0x00007ffb2ace7000 	C:\Program Files\Java\jdk-21\bin\jsvml.dll
0x00007ffb59c30000 - 0x00007ffb59c40000 	C:\Program Files\Java\jdk-21\bin\net.dll
0x00007ffb597f0000 - 0x00007ffb5990e000 	C:\WINDOWS\SYSTEM32\WINHTTP.dll
0x00007ffb605f0000 - 0x00007ffb6065a000 	C:\WINDOWS\system32\mswsock.dll
0x00007ffb59540000 - 0x00007ffb59556000 	C:\Program Files\Java\jdk-21\bin\nio.dll
0x00007ffb58a40000 - 0x00007ffb58a58000 	C:\Program Files\Java\jdk-21\bin\zip.dll
0x00007ffb50840000 - 0x00007ffb50864000 	C:\Users\suraj\AppData\Local\Temp\jansi-2.4.1-cd1e769d205f14e2-jansi.dll
0x00007ffb59b60000 - 0x00007ffb59b70000 	C:\Program Files\Java\jdk-21\bin\verify.dll

dbghelp: loaded successfully - version: 4.0.5 - missing functions: none
symbol engine: initialized successfully - sym options: 0x614 - pdb path: .;C:\Program Files\Java\jdk-21\bin;C:\WINDOWS\SYSTEM32;C:\WINDOWS\WinSxS\amd64_microsoft.windows.common-controls_6595b64144ccf1df_6.0.26100.3912_none_3e07963ce335137e;C:\Program Files\Java\jdk-21\bin\server;C:\Users\suraj\AppData\Local\Temp

VM Arguments:
jvm_args: -Dmaven.home=EMBEDDED -Dclassworlds.conf=S:\Ash\.metadata\.plugins\org.eclipse.m2e.launching\launches\m2conf3963525855812450564.tmp -Dmaven.multiModuleProjectDirectory=S:\Ash\tickert_service -Dm2e.build.project.data.socket.port=1089 -Dfile.encoding=UTF-8 -Dstdout.encoding=UTF-8 -Dstderr.encoding=UTF-8 -XX:+ShowCodeDetailsInExceptionMessages 
java_command: org.codehaus.plexus.classworlds.launcher.Launcher -B -Dmaven.test.skip=true -DskipTests -Dstyle.color=always clean copmile
java_class_path (initial): S:\adv_java\javaSoftwares\sts-4.30.0.RELEASE\plugins\org.eclipse.m2e.maven.runtime_3.9.900.20250220-2013\jars\plexus-classworlds-2.8.0.jar
Launcher Type: SUN_STANDARD

[Global flags]
     intx CICompilerCount                          = 4                                         {product} {ergonomic}
     uint ConcGCThreads                            = 2                                         {product} {ergonomic}
     uint G1ConcRefinementThreads                  = 8                                         {product} {ergonomic}
   size_t G1HeapRegionSize                         = 1048576                                   {product} {ergonomic}
    uintx GCDrainStackTargetSize                   = 64                                        {product} {ergonomic}
   size_t InitialHeapSize                          = 130023424                                 {product} {ergonomic}
   size_t MarkStackSize                            = 4194304                                   {product} {ergonomic}
   size_t MaxHeapSize                              = 2080374784                                {product} {ergonomic}
   size_t MaxNewSize                               = 1247805440                                {product} {ergonomic}
   size_t MinHeapDeltaBytes                        = 1048576                                   {product} {ergonomic}
   size_t MinHeapSize                              = 8388608                                   {product} {ergonomic}
    uintx NonNMethodCodeHeapSize                   = 5839372                                {pd product} {ergonomic}
    uintx NonProfiledCodeHeapSize                  = 122909434                              {pd product} {ergonomic}
    uintx ProfiledCodeHeapSize                     = 122909434                              {pd product} {ergonomic}
    uintx ReservedCodeCacheSize                    = 251658240                              {pd product} {ergonomic}
     bool SegmentedCodeCache                       = true                                      {product} {ergonomic}
     bool ShowCodeDetailsInExceptionMessages       = true                                   {manageable} {command line}
   size_t SoftMaxHeapSize                          = 2080374784                             {manageable} {ergonomic}
     bool UseCompressedOops                        = true                           {product lp64_product} {ergonomic}
     bool UseG1GC                                  = true                                      {product} {ergonomic}
     bool UseLargePagesIndividualAllocation        = false                                  {pd product} {ergonomic}

Logging:
Log output configuration:
 #0: stdout all=warning uptime,level,tags foldmultilines=false
 #1: stderr all=off uptime,level,tags foldmultilines=false

Environment Variables:
PATH=S:/adv_java/javaSoftwares/sts-4.30.0.RELEASE//plugins/org.eclipse.justj.openjdk.hotspot.jre.full.win32.x86_64_21.0.6.v20250130-0529/jre/bin/server;S:/adv_java/javaSoftwares/sts-4.30.0.RELEASE//plugins/org.eclipse.justj.openjdk.hotspot.jre.full.win32.x86_64_21.0.6.v20250130-0529/jre/bin;C:\Program Files\Java\jdk-11.0.16\bin;C:\Program Files\Java\jdk-21\bin;C:\Program Files\Common Files\Oracle\Java\javapath;C:\WINDOWS\system32;C:\WINDOWS;C:\WINDOWS\System32\Wbem;C:\WINDOWS\System32\WindowsPowerShell\v1.0\;C:\WINDOWS\System32\OpenSSH\;C:\xampp\php;C:\ProgramData\ComposerSetup\bin;C:\Users\suraj\AppData\Roaming\npm\node_modules\@angular\cli\;C:\ProgramData\chocolatey\bin;C:\Program Files\nodejs\;C:\Users\suraj\AppData\Roaming\npm\node_modules\@angular\cli;C:\Users\suraj\Python\Python311\;C:\Program Files\Git\cmd;C:\Program Files\dotnet\;S:\Mongo\mongosh-2.3.1-win32-x64\bin;C:\Program Files\MongoDB\Server\8.0\bin;C:\Program Files\Microsoft SQL Server\150\Tools\Binn\;C:\Program Files\Microsoft SQL Server\Client SDK\ODBC\170\Tools\Binn\;C:\Program Files (x86)\Windows Kits\10\Windows Performance Toolkit\;C:\Program Files\Docker\Docker\resources\bin;C:\Program Files\MySQL\MySQL Shell 8.0\bin\;C:\Users\suraj\Python\Python311\Scripts\;C:\Users\suraj\Python\Python311\;C:\Users\suraj\AppData\Local\Microsoft\WindowsApps;C:\Users\suraj\AppData\Local\Programs\Microsoft VS Code\bin;C:\Users\suraj\AppData\Roaming\Composer\vendor\bin;C:\Users\suraj\AppData\Roaming\npm;C:\Program Files\heroku\bin;C:\Users\suraj\.dotnet\tools;C:\Users\suraj\AppData\Local\Google\Cloud SDK\google-cloud-sdk\bin;C:\Program Files\Java\jdk-21;;S:\adv_java\javaSoftwares\sts-4.30.0.RELEASE;
USERNAME=suraj
OS=Windows_NT
PROCESSOR_IDENTIFIER=Intel64 Family 6 Model 126 Stepping 5, GenuineIntel
TMP=C:\Users\suraj\AppData\Local\Temp
TEMP=C:\Users\suraj\AppData\Local\Temp




Periodic native trim disabled

---------------  S Y S T E M  ---------------

OS:
 Windows 11 , 64 bit Build 26100 (10.0.26100.3912)
OS uptime: 1 days 2:57 hours
Hyper-V role detected

CPU: total 8 (initial active 8) (4 cores per cpu, 2 threads per core) family 6 model 126 stepping 5 microcode 0xa8, cx8, cmov, fxsr, ht, mmx, 3dnowpref, sse, sse2, sse3, ssse3, sse4.1, sse4.2, popcnt, lzcnt, tsc, tscinvbit, avx, avx2, aes, erms, clmul, bmi1, bmi2, adx, avx512f, avx512dq, avx512cd, avx512bw, avx512vl, sha, fma, vzeroupper, avx512_vpopcntdq, avx512_vpclmulqdq, avx512_vaes, avx512_vnni, clflush, clflushopt, avx512_vbmi2, avx512_vbmi, hv, rdtscp, rdpid, fsrm, gfni, avx512_bitalg, f16c, avx512_ifma
Processor Information for all 8 processors :
  Max Mhz: 1190, Current Mhz: 991, Mhz Limit: 987

Memory: 4k page, system-wide physical 7930M (665M free)
TotalPageFile size 12026M (AvailPageFile size 50M)
current process WorkingSet (physical memory assigned to process): 96M, peak: 98M
current process commit charge ("private bytes"): 232M, peak: 235M

vm_info: Java HotSpot(TM) 64-Bit Server VM (21.0.5+9-LTS-239) for windows-amd64 JRE (21.0.5+9-LTS-239), built on 2024-09-30T05:17:38Z by "mach5one" with MS VC++ 17.6 (VS2022)

END.
